Product: MDK-ARM Professional 5.10
Component: ARM Compiler 5.04 update 1 (build 49)
Tool: armlink [5040049]

==============================================================================

Section Cross References

    main.o(.text) refers to bits.o(.text) for speex_bits_init
    main.o(.text) refers to speex.o(.text) for speex_encoder_init
    main.o(.text) refers to dflti.o(.text) for __aeabi_i2d
    main.o(.text) refers to dadd.o(.text) for __aeabi_dadd
    main.o(.text) refers to dfltui.o(.text) for __aeabi_ui2d
    main.o(.text) refers to ddiv.o(.text) for __aeabi_ddiv
    main.o(.text) refers to cdcmple.o(.text) for __aeabi_cdcmple
    main.o(.text) refers to delay.o(.text) for getSysTickCnt
    main.o(.text) refers to tasks.o(.text) for vTaskDelayUntil
    main.o(.text) refers to memseta.o(.text) for __aeabi_memclr
    main.o(.text) refers to w25qxx.o(.text) for W25QXX_Read
    main.o(.text) refers to i2s.o(.text) for I2S3_SampleRate_Set
    main.o(.text) refers to key.o(.text) for KEY_Scan
    main.o(.text) refers to wm8978.o(.text) for WM8978_Input_Cfg
    main.o(.text) refers to main.o(.bss) for bitsEncode
    main.o(.text) refers to modes.o(.constdata) for speex_nb_mode
    main.o(.text) refers to main.o(.data) for enc_state
    main.o(.text) refers to lora.o(.data) for lora_radio
    main.o(.text) refers to port.o(.text) for vPortEnterCritical
    main.o(.text) refers to misc.o(.text) for NVIC_PriorityGroupConfig
    main.o(.text) refers to usart.o(.text) for uart_init
    main.o(.text) refers to led.o(.text) for LED_Init
    main.o(.text) refers to timer.o(.text) for TIM3_Int_Init
    main.o(.text) refers to lora.o(.text) for lora_Register
    main.o(.text) refers to printf5.o(i.__0printf$5) for __2printf
    main.o(.text) refers to malloc.o(.text) for my_mem_init
    main.o(.text) refers to recorder.o(.text) for recoder_enter_rec_mode
    system_stm32f4xx.o(.text) refers to system_stm32f4xx.o(.data) for SystemCoreClock
    filterbank.o(.text) refers to malloc.o(.text) for mymalloc
    startup_stm32f40_41xxx.o(RESET) refers to startup_stm32f40_41xxx.o(STACK) for __initial_sp
    startup_stm32f40_41xxx.o(RESET) refers to startup_stm32f40_41xxx.o(.text) for Reset_Handler
    startup_stm32f40_41xxx.o(RESET) refers to stm32f4xx_it.o(.text) for NMI_Handler
    startup_stm32f40_41xxx.o(RESET) refers to port.o(.emb_text) for SVC_Handler
    startup_stm32f40_41xxx.o(RESET) refers to delay.o(.text) for SysTick_Handler
    startup_stm32f40_41xxx.o(RESET) refers to i2s.o(.text) for DMA1_Stream0_IRQHandler
    startup_stm32f40_41xxx.o(RESET) refers to radio.o(.text) for EXTI9_5_IRQHandler
    startup_stm32f40_41xxx.o(RESET) refers to timer.o(.text) for TIM3_IRQHandler
    startup_stm32f40_41xxx.o(RESET) refers to usart.o(.text) for USART1_IRQHandler
    startup_stm32f40_41xxx.o(RESET) refers to sdio_sdcard.o(.text) for SDIO_IRQHandler
    startup_stm32f40_41xxx.o(.text) refers to system_stm32f4xx.o(.text) for SystemInit
    startup_stm32f40_41xxx.o(.text) refers to entry.o(.ARM.Collect$$$$00000000) for __main
    stm32f4xx_adc.o(.text) refers to stm32f4xx_rcc.o(.text) for RCC_APB2PeriphResetCmd
    stm32f4xx_can.o(.text) refers to stm32f4xx_rcc.o(.text) for RCC_APB1PeriphResetCmd
    stm32f4xx_cryp.o(.text) refers to stm32f4xx_rcc.o(.text) for RCC_AHB2PeriphResetCmd
    stm32f4xx_cryp_aes.o(.text) refers to stm32f4xx_cryp.o(.text) for CRYP_KeyStructInit
    stm32f4xx_cryp_des.o(.text) refers to stm32f4xx_cryp.o(.text) for CRYP_KeyStructInit
    stm32f4xx_cryp_tdes.o(.text) refers to stm32f4xx_cryp.o(.text) for CRYP_KeyStructInit
    stm32f4xx_dac.o(.text) refers to stm32f4xx_rcc.o(.text) for RCC_APB1PeriphResetCmd
    stm32f4xx_dma2d.o(.text) refers to stm32f4xx_rcc.o(.text) for RCC_AHB1PeriphResetCmd
    stm32f4xx_fsmc.o(.text) refers to stm32f4xx_fsmc.o(.constdata) for FSMC_DefaultTimingStruct
    stm32f4xx_gpio.o(.text) refers to stm32f4xx_rcc.o(.text) for RCC_AHB1PeriphResetCmd
    stm32f4xx_hash.o(.text) refers to stm32f4xx_rcc.o(.text) for RCC_AHB2PeriphResetCmd
    stm32f4xx_hash_md5.o(.text) refers to stm32f4xx_hash.o(.text) for HASH_DeInit
    stm32f4xx_hash_sha1.o(.text) refers to stm32f4xx_hash.o(.text) for HASH_DeInit
    stm32f4xx_i2c.o(.text) refers to stm32f4xx_rcc.o(.text) for RCC_APB1PeriphResetCmd
    stm32f4xx_ltdc.o(.text) refers to stm32f4xx_rcc.o(.text) for RCC_APB2PeriphResetCmd
    stm32f4xx_pwr.o(.text) refers to stm32f4xx_rcc.o(.text) for RCC_APB1PeriphResetCmd
    stm32f4xx_rcc.o(.text) refers to stm32f4xx_rcc.o(.data) for APBAHBPrescTable
    stm32f4xx_rng.o(.text) refers to stm32f4xx_rcc.o(.text) for RCC_AHB2PeriphResetCmd
    stm32f4xx_sai.o(.text) refers to stm32f4xx_rcc.o(.text) for RCC_APB2PeriphResetCmd
    stm32f4xx_sdio.o(.text) refers to stm32f4xx_rcc.o(.text) for RCC_APB2PeriphResetCmd
    stm32f4xx_spi.o(.text) refers to stm32f4xx_rcc.o(.text) for RCC_APB2PeriphResetCmd
    stm32f4xx_syscfg.o(.text) refers to stm32f4xx_rcc.o(.text) for RCC_APB2PeriphResetCmd
[...]
    RCC_DeInit                               0x08001395   Thumb Code    82  stm32f4xx_rcc.o(.text)
    RCC_HSEConfig                            0x080013e7   Thumb Code    14  stm32f4xx_rcc.o(.text)
    RCC_GetFlagStatus                        0x080013f5   Thumb Code    60  stm32f4xx_rcc.o(.text)
    RCC_WaitForHSEStartUp                    0x08001431   Thumb Code    56  stm32f4xx_rcc.o(.text)
    RCC_AdjustHSICalibrationValue            0x08001469   Thumb Code    20  stm32f4xx_rcc.o(.text)
    RCC_HSICmd                               0x0800147d   Thumb Code     6  stm32f4xx_rcc.o(.text)
    RCC_LSEConfig                            0x08001483   Thumb Code    46  stm32f4xx_rcc.o(.text)
    RCC_LSICmd                               0x080014b1   Thumb Code     6  stm32f4xx_rcc.o(.text)
    RCC_PLLConfig                            0x080014b7   Thumb Code    32  stm32f4xx_rcc.o(.text)
    RCC_PLLCmd                               0x080014d7   Thumb Code     6  stm32f4xx_rcc.o(.text)
    RCC_PLLI2SConfig                         0x080014dd   Thumb Code    14  stm32f4xx_rcc.o(.text)
    RCC_PLLI2SCmd                            0x080014eb   Thumb Code     6  stm32f4xx_rcc.o(.text)
    RCC_PLLSAIConfig                         0x080014f1   Thumb Code    20  stm32f4xx_rcc.o(.text)
    RCC_PLLSAICmd                            0x08001505   Thumb Code     6  stm32f4xx_rcc.o(.text)
    RCC_ClockSecuritySystemCmd               0x0800150b   Thumb Code     6  stm32f4xx_rcc.o(.text)
    RCC_MCO1Config                           0x08001511   Thumb Code    28  stm32f4xx_rcc.o(.text)
    RCC_MCO2Config                           0x0800152d   Thumb Code    28  stm32f4xx_rcc.o(.text)
    RCC_SYSCLKConfig                         0x08001549   Thumb Code    20  stm32f4xx_rcc.o(.text)
    RCC_GetSYSCLKSource                      0x0800155d   Thumb Code    12  stm32f4xx_rcc.o(.text)
    RCC_HCLKConfig                           0x08001569   Thumb Code    20  stm32f4xx_rcc.o(.text)
    RCC_PCLK1Config                          0x0800157d   Thumb Code    20  stm32f4xx_rcc.o(.text)
    RCC_PCLK2Config                          0x08001591   Thumb Code    22  stm32f4xx_rcc.o(.text)
    RCC_GetClocksFreq                        0x080015a7   Thumb Code   222  stm32f4xx_rcc.o(.text)
    RCC_RTCCLKConfig                         0x08001685   Thumb Code    54  stm32f4xx_rcc.o(.text)
    RCC_RTCCLKCmd                            0x080016bb   Thumb Code     8  stm32f4xx_rcc.o(.text)
    RCC_BackupResetCmd                       0x080016c3   Thumb Code     8  stm32f4xx_rcc.o(.text)
    RCC_I2SCLKConfig                         0x080016cb   Thumb Code     6  stm32f4xx_rcc.o(.text)
    RCC_SAIPLLI2SClkDivConfig                0x080016d1   Thumb Code    26  stm32f4xx_rcc.o(.text)
    RCC_SAIPLLSAIClkDivConfig                0x080016eb   Thumb Code    28  stm32f4xx_rcc.o(.text)
    RCC_SAIBlockACLKConfig                   0x08001707   Thumb Code    20  stm32f4xx_rcc.o(.text)
    RCC_SAIBlockBCLKConfig                   0x0800171b   Thumb Code    20  stm32f4xx_rcc.o(.text)
    RCC_LTDCCLKDivConfig                     0x0800172f   Thumb Code    20  stm32f4xx_rcc.o(.text)
    RCC_TIMCLKPresConfig                     0x08001743   Thumb Code     6  stm32f4xx_rcc.o(.text)
    RCC_AHB1PeriphClockCmd                   0x08001749   Thumb Code    34  stm32f4xx_rcc.o(.text)
    RCC_AHB2PeriphClockCmd                   0x0800176b   Thumb Code    78  stm32f4xx_rcc.o(.text)
    RCC_AHB3PeriphClockCmd                   0x080017b9   Thumb Code    34  stm32f4xx_rcc.o(.text)
    RCC_APB1PeriphClockCmd                   0x080017db   Thumb Code    34  stm32f4xx_rcc.o(.text)
    RCC_APB2PeriphClockCmd                   0x080017fd   Thumb Code    34  stm32f4xx_rcc.o(.text)
    RCC_AHB1PeriphResetCmd                   0x0800181f   Thumb Code    34  stm32f4xx_rcc.o(.text)
    RCC_AHB2PeriphResetCmd                   0x08001841   Thumb Code    34  stm32f4xx_rcc.o(.text)
    RCC_AHB3PeriphResetCmd                   0x08001863   Thumb Code    34  stm32f4xx_rcc.o(.text)
    RCC_APB1PeriphResetCmd                   0x08001885   Thumb Code    34  stm32f4xx_rcc.o(.text)
    RCC_APB2PeriphResetCmd                   0x080018a7   Thumb Code    34  stm32f4xx_rcc.o(.text)
    RCC_AHB1PeriphClockLPModeCmd             0x080018c9   Thumb Code    34  stm32f4xx_rcc.o(.text)
    RCC_AHB2PeriphClockLPModeCmd             0x080018eb   Thumb Code    34  stm32f4xx_rcc.o(.text)
    RCC_AHB3PeriphClockLPModeCmd             0x0800190d   Thumb Code    34  stm32f4xx_rcc.o(.text)
    RCC_APB1PeriphClockLPModeCmd             0x0800192f   Thumb Code    34  stm32f4xx_rcc.o(.text)
    RCC_APB2PeriphClockLPModeCmd             0x08001951   Thumb Code    34  stm32f4xx_rcc.o(.text)
    RCC_LSEModeConfig                        0x08001973   Thumb Code    40  stm32f4xx_rcc.o(.text)
    RCC_ITConfig                             0x0800199b   Thumb Code    34  stm32f4xx_rcc.o(.text)
    RCC_ClearFlag                            0x080019bd   Thumb Code    18  stm32f4xx_rcc.o(.text)
    RCC_GetITStatus                          0x080019cf   Thumb Code    22  stm32f4xx_rcc.o(.text)
    RCC_ClearITPendingBit                    0x080019e5   Thumb Code     8  stm32f4xx_rcc.o(.text)
    SDIO_DeInit                              0x080019f1   Thumb Code    22  stm32f4xx_sdio.o(.text)
    SDIO_Init                                0x08001a07   Thumb Code    42  stm32f4xx_sdio.o(.text)
    SDIO_StructInit                          0x08001a31   Thumb Code    16  stm32f4xx_sdio.o(.text)
    SDIO_ClockCmd                            0x08001a41   Thumb Code     6  stm32f4xx_sdio.o(.text)
    SDIO_SetPowerState                       0x08001a47   Thumb Code     8  stm32f4xx_sdio.o(.text)
    SDIO_GetPowerState                       0x08001a4f   Thumb Code    12  stm32f4xx_sdio.o(.text)
    SDIO_SendCommand                         0x08001a5b   Thumb Code    42  stm32f4xx_sdio.o(.text)
    SDIO_CmdStructInit                       0x08001a85   Thumb Code    14  stm32f4xx_sdio.o(.text)
    SDIO_GetCommandResponse                  0x08001a93   Thumb Code    10  stm32f4xx_sdio.o(.text)
    SDIO_GetResponse                         0x08001a9d   Thumb Code    22  stm32f4xx_sdio.o(.text)
    SDIO_DataConfig                          0x08001ab3   Thumb Code    48  stm32f4xx_sdio.o(.text)
    SDIO_DataStructInit                      0x08001ae3   Thumb Code    20  stm32f4xx_sdio.o(.text)
    SDIO_GetDataCounter                      0x08001af7   Thumb Code     8  stm32f4xx_sdio.o(.text)
    SDIO_ReadData                            0x08001aff   Thumb Code     8  stm32f4xx_sdio.o(.text)
    SDIO_WriteData                           0x08001b07   Thumb Code     8  stm32f4xx_sdio.o(.text)
    SDIO_GetFIFOCount                        0x08001b0f   Thumb Code     8  stm32f4xx_sdio.o(.text)
    SDIO_StartSDIOReadWait                   0x08001b17   Thumb Code     6  stm32f4xx_sdio.o(.text)
    SDIO_StopSDIOReadWait                    0x08001b1d   Thumb Code     8  stm32f4xx_sdio.o(.text)
    SDIO_SetSDIOReadWaitMode                 0x08001b25   Thumb Code     8  stm32f4xx_sdio.o(.text)
    SDIO_SetSDIOOperation                    0x08001b2d   Thumb Code     8  stm32f4xx_sdio.o(.text)
    SDIO_SendSDIOSuspendCmd                  0x08001b35   Thumb Code     6  stm32f4xx_sdio.o(.text)
    SDIO_CommandCompletionCmd                0x08001b3b   Thumb Code     8  stm32f4xx_sdio.o(.text)
    SDIO_CEATAITCmd                          0x08001b43   Thumb Code    12  stm32f4xx_sdio.o(.text)
    SDIO_SendCEATACmd                        0x08001b4f   Thumb Code     8  stm32f4xx_sdio.o(.text)
    SDIO_DMACmd                              0x08001b57   Thumb Code     8  stm32f4xx_sdio.o(.text)
    SDIO_ITConfig                            0x08001b5f   Thumb Code    34  stm32f4xx_sdio.o(.text)
    SDIO_GetFlagStatus                       0x08001b81   Thumb Code    22  stm32f4xx_sdio.o(.text)
    SDIO_ClearFlag                           0x08001b97   Thumb Code     8  stm32f4xx_sdio.o(.text)
    SDIO_GetITStatus                         0x08001b9f   Thumb Code    22  stm32f4xx_sdio.o(.text)
    SDIO_ClearITPendingBit                   0x08001bb5   Thumb Code     8  stm32f4xx_sdio.o(.text)
    SPI_I2S_DeInit                           0x08001bcd   Thumb Code   152  stm32f4xx_spi.o(.text)
    SPI_Init                                 0x08001c65   Thumb Code    60  stm32f4xx_spi.o(.text)
    I2S_Init                                 0x08001ca1   Thumb Code   396  stm32f4xx_spi.o(.text)
    SPI_StructInit                           0x08001e2d   Thumb Code    24  stm32f4xx_spi.o(.text)
    I2S_StructInit                           0x08001e45   Thumb Code    20  stm32f4xx_spi.o(.text)
    SPI_Cmd                                  0x08001e59   Thumb Code    24  stm32f4xx_spi.o(.text)
    I2S_Cmd                                  0x08001e71   Thumb Code    24  stm32f4xx_spi.o(.text)
    SPI_DataSizeConfig                       0x08001e89   Thumb Code    18  stm32f4xx_spi.o(.text)
    SPI_BiDirectionalLineConfig              0x08001e9b   Thumb Code    28  stm32f4xx_spi.o(.text)
    SPI_NSSInternalSoftwareConfig            0x08001eb7   Thumb Code    30  stm32f4xx_spi.o(.text)
    SPI_SSOutputCmd                          0x08001ed5   Thumb Code    24  stm32f4xx_spi.o(.text)
    SPI_TIModeCmd                            0x08001eed   Thumb Code    24  stm32f4xx_spi.o(.text)
    I2S_FullDuplexConfig                     0x08001f05   Thumb Code    80  stm32f4xx_spi.o(.text)
    SPI_I2S_ReceiveData                      0x08001f55   Thumb Code     6  stm32f4xx_spi.o(.text)
    SPI_I2S_SendData                         0x08001f5b   Thumb Code     4  stm32f4xx_spi.o(.text)
    SPI_CalculateCRC                         0x08001f5f   Thumb Code    24  stm32f4xx_spi.o(.text)
    SPI_TransmitCRC                          0x08001f77   Thumb Code    10  stm32f4xx_spi.o(.text)
    SPI_GetCRC                               0x08001f81   Thumb Code    16  stm32f4xx_spi.o(.text)
    SPI_GetCRCPolynomial                     0x08001f91   Thumb Code     6  stm32f4xx_spi.o(.text)
    SPI_I2S_DMACmd                           0x08001f97   Thumb Code    18  stm32f4xx_spi.o(.text)
    SPI_I2S_ITConfig                         0x08001fa9   Thumb Code    68  stm32f4xx_spi.o(.text)
    SPI_I2S_GetFlagStatus                    0x08001fed   Thumb Code    18  stm32f4xx_spi.o(.text)
    SPI_I2S_ClearFlag                        0x08001fff   Thumb Code     6  stm32f4xx_spi.o(.text)
    SPI_I2S_GetITStatus                      0x08002005   Thumb Code    52  stm32f4xx_spi.o(.text)
    SPI_I2S_ClearITPendingBit                0x08002039   Thumb Code    20  stm32f4xx_spi.o(.text)
    SYSCFG_DeInit                            0x0800204d   Thumb Code    22  stm32f4xx_syscfg.o(.text)
    SYSCFG_MemoryRemapConfig                 0x08002063   Thumb Code     6  stm32f4xx_syscfg.o(.text)
    SYSCFG_MemorySwappingBank                0x08002069   Thumb Code     6  stm32f4xx_syscfg.o(.text)
    SYSCFG_EXTILineConfig                    0x0800206f   Thumb Code    66  stm32f4xx_syscfg.o(.text)
    SYSCFG_ETH_MediaInterfaceConfig          0x080020b1   Thumb Code     8  stm32f4xx_syscfg.o(.text)
    SYSCFG_CompensationCellCmd               0x080020b9   Thumb Code     6  stm32f4xx_syscfg.o(.text)
    SYSCFG_GetCompensationCellStatus         0x080020bf   Thumb Code    22  stm32f4xx_syscfg.o(.text)
    TIM_DeInit                               0x080020e1   Thumb Code   346  stm32f4xx_tim.o(.text)
    TIM_TimeBaseInit                         0x0800223b   Thumb Code   104  stm32f4xx_tim.o(.text)
    TIM_TimeBaseStructInit                   0x080022a3   Thumb Code    18  stm32f4xx_tim.o(.text)
    TIM_PrescalerConfig                      0x080022b5   Thumb Code     6  stm32f4xx_tim.o(.text)
    TIM_CounterModeConfig                    0x080022bb   Thumb Code    18  stm32f4xx_tim.o(.text)
    TIM_SetCounter                           0x080022cd   Thumb Code     4  stm32f4xx_tim.o(.text)
    TIM_SetAutoreload                        0x080022d1   Thumb Code     4  stm32f4xx_tim.o(.text)
    TIM_GetCounter                           0x080022d5   Thumb Code     6  stm32f4xx_tim.o(.text)
    TIM_GetPrescaler                         0x080022db   Thumb Code     6  stm32f4xx_tim.o(.text)
    TIM_UpdateDisableConfig                  0x080022e1   Thumb Code    24  stm32f4xx_tim.o(.text)
    TIM_UpdateRequestConfig                  0x080022f9   Thumb Code    24  stm32f4xx_tim.o(.text)
    TIM_ARRPreloadConfig                     0x08002311   Thumb Code    24  stm32f4xx_tim.o(.text)
    TIM_SelectOnePulseMode                   0x08002329   Thumb Code    18  stm32f4xx_tim.o(.text)
    TIM_SetClockDivision                     0x0800233b   Thumb Code    18  stm32f4xx_tim.o(.text)
    TIM_Cmd                                  0x0800234d   Thumb Code    24  stm32f4xx_tim.o(.text)
    TIM_OC1Init                              0x08002365   Thumb Code   114  stm32f4xx_tim.o(.text)
    TIM_OC2Init                              0x080023d7   Thumb Code   154  stm32f4xx_tim.o(.text)
    TIM_OC3Init                              0x08002471   Thumb Code   204  stm32f4xx_tim.o(.text)
    TIM_OC4Init                              0x0800253d   Thumb Code   112  stm32f4xx_tim.o(.text)
    TIM_OCStructInit                         0x080025ad   Thumb Code    20  stm32f4xx_tim.o(.text)
    TIM_SelectOCxM                           0x080025c1   Thumb Code    86  stm32f4xx_tim.o(.text)
    TIM_SetCompare1                          0x08002617   Thumb Code     4  stm32f4xx_tim.o(.text)
    TIM_SetCompare2                          0x0800261b   Thumb Code     4  stm32f4xx_tim.o(.text)
    TIM_SetCompare3                          0x0800261f   Thumb Code     4  stm32f4xx_tim.o(.text)
    TIM_SetCompare4                          0x08002623   Thumb Code     4  stm32f4xx_tim.o(.text)
    TIM_ForcedOC1Config                      0x08002627   Thumb Code    18  stm32f4xx_tim.o(.text)
    TIM_ForcedOC2Config                      0x08002639   Thumb Code    26  stm32f4xx_tim.o(.text)
    TIM_ForcedOC3Config                      0x08002653   Thumb Code    18  stm32f4xx_tim.o(.text)
    TIM_ForcedOC4Config                      0x08002665   Thumb Code    26  stm32f4xx_tim.o(.text)
    TIM_OC1PreloadConfig                     0x0800267f   Thumb Code    18  stm32f4xx_tim.o(.text)
    TIM_OC2PreloadConfig                     0x08002691   Thumb Code    26  stm32f4xx_tim.o(.text)
    TIM_OC3PreloadConfig                     0x080026ab   Thumb Code    18  stm32f4xx_tim.o(.text)
    TIM_OC4PreloadConfig                     0x080026bd   Thumb Code    26  stm32f4xx_tim.o(.text)
    TIM_OC1FastConfig                        0x080026d7   Thumb Code    18  stm32f4xx_tim.o(.text)
    TIM_OC2FastConfig                        0x080026e9   Thumb Code    26  stm32f4xx_tim.o(.text)
    TIM_OC3FastConfig                        0x08002703   Thumb Code    18  stm32f4xx_tim.o(.text)
    TIM_OC4FastConfig                        0x08002715   Thumb Code    26  stm32f4xx_tim.o(.text)
    TIM_ClearOC1Ref                          0x0800272f   Thumb Code    18  stm32f4xx_tim.o(.text)
    TIM_ClearOC2Ref                          0x08002741   Thumb Code    24  stm32f4xx_tim.o(.text)
    TIM_ClearOC3Ref                          0x08002759   Thumb Code    18  stm32f4xx_tim.o(.text)
    TIM_ClearOC4Ref                          0x0800276b   Thumb Code    24  stm32f4xx_tim.o(.text)
    TIM_OC1PolarityConfig                    0x08002783   Thumb Code    18  stm32f4xx_tim.o(.text)
    TIM_OC1NPolarityConfig                   0x08002795   Thumb Code    18  stm32f4xx_tim.o(.text)
    TIM_OC2PolarityConfig                    0x080027a7   Thumb Code    26  stm32f4xx_tim.o(.text)
    TIM_OC2NPolarityConfig                   0x080027c1   Thumb Code    26  stm32f4xx_tim.o(.text)
    TIM_OC3PolarityConfig                    0x080027db   Thumb Code    26  stm32f4xx_tim.o(.text)
    TIM_OC3NPolarityConfig                   0x080027f5   Thumb Code    26  stm32f4xx_tim.o(.text)
    TIM_OC4PolarityConfig                    0x0800280f   Thumb Code    26  stm32f4xx_tim.o(.text)
    TIM_CCxCmd                               0x08002829   Thumb Code    30  stm32f4xx_tim.o(.text)
    TIM_CCxNCmd                              0x08002847   Thumb Code    30  stm32f4xx_tim.o(.text)
    TIM_SetIC4Prescaler                      0x08002865   Thumb Code    26  stm32f4xx_tim.o(.text)
    TIM_SetIC3Prescaler                      0x080028cf   Thumb Code    18  stm32f4xx_tim.o(.text)
    TIM_SetIC2Prescaler                      0x08002929   Thumb Code    26  stm32f4xx_tim.o(.text)
    TIM_SetIC1Prescaler                      0x0800299d   Thumb Code    18  stm32f4xx_tim.o(.text)
    TIM_ICInit                               0x080029e9   Thumb Code   110  stm32f4xx_tim.o(.text)
    TIM_ICStructInit                         0x08002a57   Thumb Code    18  stm32f4xx_tim.o(.text)
    TIM_PWMIConfig                           0x08002a69   Thumb Code   124  stm32f4xx_tim.o(.text)
    TIM_GetCapture1                          0x08002ae5   Thumb Code     6  stm32f4xx_tim.o(.text)
    TIM_GetCapture2                          0x08002aeb   Thumb Code     6  stm32f4xx_tim.o(.text)
    TIM_GetCapture3                          0x08002af1   Thumb Code     6  stm32f4xx_tim.o(.text)
    TIM_GetCapture4                          0x08002af7   Thumb Code     6  stm32f4xx_tim.o(.text)
    TIM_BDTRConfig                           0x08002afd   Thumb Code    32  stm32f4xx_tim.o(.text)
    TIM_BDTRStructInit                       0x08002b1d   Thumb Code    18  stm32f4xx_tim.o(.text)
    TIM_CtrlPWMOutputs                       0x08002b2f   Thumb Code    30  stm32f4xx_tim.o(.text)
    TIM_SelectCOM                            0x08002b4d   Thumb Code    24  stm32f4xx_tim.o(.text)
    TIM_CCPreloadControl                     0x08002b65   Thumb Code    24  stm32f4xx_tim.o(.text)
    TIM_ITConfig                             0x08002b7d   Thumb Code    18  stm32f4xx_tim.o(.text)
    TIM_GenerateEvent                        0x08002b8f   Thumb Code     4  stm32f4xx_tim.o(.text)
    TIM_GetFlagStatus                        0x08002b93   Thumb Code    18  stm32f4xx_tim.o(.text)
    TIM_ClearFlag                            0x08002ba5   Thumb Code     6  stm32f4xx_tim.o(.text)
    TIM_GetITStatus                          0x08002bab   Thumb Code    34  stm32f4xx_tim.o(.text)
    TIM_ClearITPendingBit                    0x08002bcd   Thumb Code     6  stm32f4xx_tim.o(.text)
    TIM_DMAConfig                            0x08002bd3   Thumb Code    10  stm32f4xx_tim.o(.text)
    TIM_DMACmd                               0x08002bdd   Thumb Code    18  stm32f4xx_tim.o(.text)
    TIM_SelectCCDMA                          0x08002bef   Thumb Code    24  stm32f4xx_tim.o(.text)
    TIM_InternalClockConfig                  0x08002c07   Thumb Code    12  stm32f4xx_tim.o(.text)
    TIM_SelectInputTrigger                   0x08002c13   Thumb Code    18  stm32f4xx_tim.o(.text)
    TIM_ITRxExternalClockConfig              0x08002c25   Thumb Code    24  stm32f4xx_tim.o(.text)
    TIM_TIxExternalClockConfig               0x08002c3d   Thumb Code    62  stm32f4xx_tim.o(.text)
    TIM_ETRConfig                            0x08002c7b   Thumb Code    28  stm32f4xx_tim.o(.text)
    TIM_ETRClockMode1Config                  0x08002c97   Thumb Code    54  stm32f4xx_tim.o(.text)
    TIM_ETRClockMode2Config                  0x08002ccd   Thumb Code    32  stm32f4xx_tim.o(.text)
    TIM_SelectOutputTrigger                  0x08002ced   Thumb Code    18  stm32f4xx_tim.o(.text)
    TIM_SelectSlaveMode                      0x08002cff   Thumb Code    18  stm32f4xx_tim.o(.text)
    TIM_SelectMasterSlaveMode                0x08002d11   Thumb Code    18  stm32f4xx_tim.o(.text)
    TIM_EncoderInterfaceConfig               0x08002d23   Thumb Code    66  stm32f4xx_tim.o(.text)
    TIM_SelectHallSensor                     0x08002d65   Thumb Code    24  stm32f4xx_tim.o(.text)
    TIM_RemapConfig                          0x08002d7d   Thumb Code     6  stm32f4xx_tim.o(.text)
    USART_DeInit                             0x08002d85   Thumb Code   206  stm32f4xx_usart.o(.text)
    USART_Init                               0x08002e53   Thumb Code   204  stm32f4xx_usart.o(.text)
    USART_StructInit                         0x08002f1f   Thumb Code    24  stm32f4xx_usart.o(.text)
    USART_ClockInit                          0x08002f37   Thumb Code    32  stm32f4xx_usart.o(.text)
    USART_ClockStructInit                    0x08002f57   Thumb Code    12  stm32f4xx_usart.o(.text)
    USART_Cmd                                0x08002f63   Thumb Code    24  stm32f4xx_usart.o(.text)
    USART_SetPrescaler                       0x08002f7b   Thumb Code    16  stm32f4xx_usart.o(.text)
    USART_OverSampling8Cmd                   0x08002f8b   Thumb Code    22  stm32f4xx_usart.o(.text)
    USART_OneBitMethodCmd                    0x08002fa1   Thumb Code    24  stm32f4xx_usart.o(.text)
    USART_SendData                           0x08002fb9   Thumb Code     8  stm32f4xx_usart.o(.text)
    USART_ReceiveData                        0x08002fc1   Thumb Code    10  stm32f4xx_usart.o(.text)
    USART_SetAddress                         0x08002fcb   Thumb Code    18  stm32f4xx_usart.o(.text)
    USART_ReceiverWakeUpCmd                  0x08002fdd   Thumb Code    24  stm32f4xx_usart.o(.text)
    USART_WakeUpConfig                       0x08002ff5   Thumb Code    18  stm32f4xx_usart.o(.text)
    USART_LINBreakDetectLengthConfig         0x08003007   Thumb Code    18  stm32f4xx_usart.o(.text)
    USART_LINCmd                             0x08003019   Thumb Code    24  stm32f4xx_usart.o(.text)
    USART_SendBreak                          0x08003031   Thumb Code    10  stm32f4xx_usart.o(.text)
    USART_HalfDuplexCmd                      0x0800303b   Thumb Code    24  stm32f4xx_usart.o(.text)
    USART_SetGuardTime                       0x08003053   Thumb Code    16  stm32f4xx_usart.o(.text)
    USART_SmartCardCmd                       0x08003063   Thumb Code    24  stm32f4xx_usart.o(.text)
    USART_SmartCardNACKCmd                   0x0800307b   Thumb Code    24  stm32f4xx_usart.o(.text)
    USART_IrDAConfig                         0x08003093   Thumb Code    18  stm32f4xx_usart.o(.text)
    USART_IrDACmd                            0x080030a5   Thumb Code    24  stm32f4xx_usart.o(.text)
    USART_DMACmd                             0x080030bd   Thumb Code    18  stm32f4xx_usart.o(.text)
    USART_ITConfig                           0x080030cf   Thumb Code    74  stm32f4xx_usart.o(.text)
    USART_GetFlagStatus                      0x08003119   Thumb Code    26  stm32f4xx_usart.o(.text)
    USART_ClearFlag                          0x08003133   Thumb Code    18  stm32f4xx_usart.o(.text)
    USART_GetITStatus                        0x08003145   Thumb Code   118  stm32f4xx_usart.o(.text)
    USART_ClearITPendingBit                  0x080031bb   Thumb Code    30  stm32f4xx_usart.o(.text)
    delay_init                               0x080031d9   Thumb Code    76  delay.o(.text)
    delay_us                                 0x08003225   Thumb Code    68  delay.o(.text)
    delay_ms                                 0x08003269   Thumb Code    60  delay.o(.text)
    SysTick_Handler                          0x080032a5   Thumb Code    28  delay.o(.text)
    getSysTickCnt                            0x080032c1   Thumb Code    22  delay.o(.text)
    _sys_exit                                0x080032e5   Thumb Code     4  usart.o(.text)
    fputc                                    0x080032e9   Thumb Code    22  usart.o(.text)
    uart_init                                0x080032ff   Thumb Code   172  usart.o(.text)
    USART1_IRQHandler                        0x080033ab   Thumb Code   122  usart.o(.text)
    LED_Init                                 0x08003435   Thumb Code   100  led.o(.text)
    WM8978_Write_Reg                         0x080034a1   Thumb Code    80  wm8978.o(.text)
    WM8978_Init                              0x080034f1   Thumb Code   246  wm8978.o(.text)
    WM8978_Read_Reg                          0x080035e7   Thumb Code    10  wm8978.o(.text)
    WM8978_ADDA_Cfg                          0x080035f1   Thumb Code    64  wm8978.o(.text)
    WM8978_AUX_Gain                          0x08003631   Thumb Code    54  wm8978.o(.text)
    WM8978_LINEIN_Gain                       0x08003667   Thumb Code    54  wm8978.o(.text)
    WM8978_Input_Cfg                         0x0800369d   Thumb Code   102  wm8978.o(.text)
    WM8978_Output_Cfg                        0x08003703   Thumb Code    42  wm8978.o(.text)
    WM8978_MIC_Gain                          0x0800372d   Thumb Code    28  wm8978.o(.text)
    WM8978_I2S_Cfg                           0x08003749   Thumb Code    28  wm8978.o(.text)
    WM8978_HPvol_Set                         0x08003765   Thumb Code    46  wm8978.o(.text)
    WM8978_SPKvol_Set                        0x08003793   Thumb Code    34  wm8978.o(.text)
    WM8978_3D_Set                            0x080037b5   Thumb Code    18  wm8978.o(.text)
    WM8978_EQ_3D_Dir                         0x080037c7   Thumb Code    34  wm8978.o(.text)
    WM8978_EQ1_Set                           0x080037e9   Thumb Code    50  wm8978.o(.text)
    WM8978_EQ2_Set                           0x0800381b   Thumb Code    40  wm8978.o(.text)
    WM8978_EQ3_Set                           0x08003843   Thumb Code    40  wm8978.o(.text)
    WM8978_EQ4_Set                           0x0800386b   Thumb Code    40  wm8978.o(.text)
    WM8978_EQ5_Set                           0x08003893   Thumb Code    40  wm8978.o(.text)
    IIC_Init                                 0x080038c9   Thumb Code    60  myiic.o(.text)
    IIC_Start                                0x08003905   Thumb Code    68  myiic.o(.text)
    IIC_Stop                                 0x08003949   Thumb Code    62  myiic.o(.text)
    IIC_Wait_Ack                             0x08003987   Thumb Code    82  myiic.o(.text)
    IIC_Ack                                  0x080039d9   Thumb Code    66  myiic.o(.text)
    IIC_NAck                                 0x08003a1b   Thumb Code    66  myiic.o(.text)
    IIC_Send_Byte                            0x08003a5d   Thumb Code    90  myiic.o(.text)
    IIC_Read_Byte                            0x08003ab7   Thumb Code    94  myiic.o(.text)
    I2S3_Init                                0x08003b21   Thumb Code    94  i2s.o(.text)
    I2S3ext_Init                             0x08003b7f   Thumb Code    78  i2s.o(.text)
    I2S3_SampleRate_Set                      0x08003bcd   Thumb Code   150  i2s.o(.text)
    I2S3_TX_DMA_Init                         0x08003c63   Thumb Code   170  i2s.o(.text)
    I2S3ext_RX_DMA_Init                      0x08003d0d   Thumb Code   182  i2s.o(.text)
    DMA1_Stream7_IRQHandler                  0x08003dc3   Thumb Code    30  i2s.o(.text)
    DMA1_Stream0_IRQHandler                  0x08003de1   Thumb Code    34  i2s.o(.text)
    I2S_Play_Start                           0x08003e03   Thumb Code    12  i2s.o(.text)
    I2S_Play_Stop                            0x08003e0f   Thumb Code    12  i2s.o(.text)
    I2S_Rec_Start                            0x08003e1b   Thumb Code    14  i2s.o(.text)
    I2S_Rec_Stop                             0x08003e29   Thumb Code    14  i2s.o(.text)
    KEY_Init                                 0x08003e75   Thumb Code   140  key.o(.text)
    KEY_Scan                                 0x08003f01   Thumb Code    86  key.o(.text)
    SDIO_Register_Deinit                     0x08003f71   Thumb Code    48  sdio_sdcard.o(.text)
    SD_SetDeviceMode                         0x08003fa1   Thumb Code    20  sdio_sdcard.o(.text)
    SDIO_Clock_Set                           0x08003fb5   Thumb Code    18  sdio_sdcard.o(.text)
    CmdResp1Error                            0x08003fc7   Thumb Code    96  sdio_sdcard.o(.text)
    FindSCR                                  0x08004027   Thumb Code   390  sdio_sdcard.o(.text)
    SDEnWideBus                              0x080041ad   Thumb Code   160  sdio_sdcard.o(.text)
    SD_EnableWideBusOperation                0x0800424d   Thumb Code    98  sdio_sdcard.o(.text)
    SD_SelectDeselect                        0x080042af   Thumb Code    42  sdio_sdcard.o(.text)
    SD_GetCardInfo                           0x080042d9   Thumb Code   806  sdio_sdcard.o(.text)
    CmdResp2Error                            0x080045ff   Thumb Code    80  sdio_sdcard.o(.text)
    CmdResp6Error                            0x0800464f   Thumb Code   144  sdio_sdcard.o(.text)
    SD_InitializeCards                       0x080046df   Thumb Code   354  sdio_sdcard.o(.text)
    CmdResp3Error                            0x08004841   Thumb Code    52  sdio_sdcard.o(.text)
    CmdResp7Error                            0x08004875   Thumb Code    72  sdio_sdcard.o(.text)
    CmdError                                 0x080048bd   Thumb Code    48  sdio_sdcard.o(.text)
    SD_PowerON                               0x080048ed   Thumb Code   460  sdio_sdcard.o(.text)
    SD_Init                                  0x08004ab9   Thumb Code   334  sdio_sdcard.o(.text)
    SD_PowerOFF                              0x08004c07   Thumb Code    12  sdio_sdcard.o(.text)
    SD_DMA_Config                            0x08004c13   Thumb Code   118  sdio_sdcard.o(.text)
    convert_from_bytes_to_power_of_two       0x08004c89   Thumb Code    18  sdio_sdcard.o(.text)
    SD_ReadBlock                             0x08004c9b   Thumb Code   578  sdio_sdcard.o(.text)
    SD_ReadMultiBlocks                       0x08004edd   Thumb Code   762  sdio_sdcard.o(.text)
    IsCardProgramming                        0x080051d7   Thumb Code   150  sdio_sdcard.o(.text)
    SD_WriteBlock                            0x0800526d   Thumb Code   914  sdio_sdcard.o(.text)
    SD_WriteMultiBlocks                      0x080055ff   Thumb Code   976  sdio_sdcard.o(.text)
    SD_ProcessIRQSrc                         0x080059cf   Thumb Code   322  sdio_sdcard.o(.text)
    SDIO_IRQHandler                          0x08005b11   Thumb Code     8  sdio_sdcard.o(.text)
    SD_SendStatus                            0x08005b19   Thumb Code    74  sdio_sdcard.o(.text)
    SD_GetState                              0x08005b63   Thumb Code    26  sdio_sdcard.o(.text)
    SD_ReadDisk                              0x08005b7d   Thumb Code   192  sdio_sdcard.o(.text)
    SD_WriteDisk                             0x08005c3d   Thumb Code   152  sdio_sdcard.o(.text)
    W25QXX_ReadID                            0x08005cdd   Thumb Code    68  w25qxx.o(.text)
    W25QXX_Init                              0x08005d21   Thumb Code    74  w25qxx.o(.text)
    W25QXX_ReadSR                            0x08005d6b   Thumb Code    36  w25qxx.o(.text)
    W25QXX_Write_SR                          0x08005d8f   Thumb Code    32  w25qxx.o(.text)
    W25QXX_Write_Enable                      0x08005daf   Thumb Code    24  w25qxx.o(.text)
    W25QXX_Write_Disable                     0x08005dc7   Thumb Code    24  w25qxx.o(.text)
    W25QXX_Read                              0x08005ddf   Thumb Code    74  w25qxx.o(.text)
    W25QXX_Wait_Busy                         0x08005e29   Thumb Code    18  w25qxx.o(.text)
    W25QXX_Write_Page                        0x08005e3b   Thumb Code    80  w25qxx.o(.text)
    W25QXX_Write_NoCheck                     0x08005e8b   Thumb Code    70  w25qxx.o(.text)
    W25QXX_Erase_Sector                      0x08005ed1   Thumb Code    62  w25qxx.o(.text)
    W25QXX_Write                             0x08005f0f   Thumb Code   180  w25qxx.o(.text)
    W25QXX_Erase_Chip                        0x08005fc3   Thumb Code    36  w25qxx.o(.text)
    W25QXX_PowerDown                         0x08005fe7   Thumb Code    30  w25qxx.o(.text)
    W25QXX_WAKEUP                            0x08006005   Thumb Code    30  w25qxx.o(.text)
    SPI2_ReadWriteByte                       0x08006039   Thumb Code    50  spi.o(.text)
    SPI2_Init                                0x0800606b   Thumb Code   188  spi.o(.text)
    SPI2_SetSpeed                            0x08006127   Thumb Code    36  spi.o(.text)
    TIM3_Int_Init                            0x08006155   Thumb Code    88  timer.o(.text)
    power_off_check                          0x080061ad   Thumb Code    50  timer.o(.text)
    TIM3_IRQHandler                          0x080061df   Thumb Code    96  timer.o(.text)
    i2s_dma_rx_callback                      0x08006259   Thumb Code    42  recorder.o(.text)
    i2s_dma_tx_callback                      0x08006283   Thumb Code    28  recorder.o(.text)
    recoder_enter_rec_mode                   0x0800629f   Thumb Code   102  recorder.o(.text)
    mymemcpy                                 0x0800631d   Thumb Code    26  malloc.o(.text)
    mymemset                                 0x08006337   Thumb Code    20  malloc.o(.text)
    my_mem_init                              0x0800634b   Thumb Code    54  malloc.o(.text)
    my_mem_perused                           0x08006381   Thumb Code    54  malloc.o(.text)
    my_mem_malloc                            0x080063b7   Thumb Code   154  malloc.o(.text)
    my_mem_free                              0x08006451   Thumb Code    94  malloc.o(.text)
    myfree                                   0x080064af   Thumb Code    32  malloc.o(.text)
    mymalloc                                 0x080064cf   Thumb Code    36  malloc.o(.text)
    myrealloc                                0x080064f3   Thumb Code    68  malloc.o(.text)
    pvPortMalloc                             0x0800660b   Thumb Code   262  heap_4.o(.text)
    vPortFree                                0x08006711   Thumb Code   120  heap_4.o(.text)
    xPortGetFreeHeapSize                     0x08006789   Thumb Code     6  heap_4.o(.text)
    xPortGetMinimumEverFreeHeapSize          0x0800678f   Thumb Code     6  heap_4.o(.text)
    vPortInitialiseBlocks                    0x08006795   Thumb Code     2  heap_4.o(.text)
    pxPortInitialiseStack                    0x08006817   Thumb Code    38  port.o(.text)
    vPortSetupTimerInterrupt                 0x0800683d   Thumb Code    26  port.o(.text)
    xPortStartScheduler                      0x08006857   Thumb Code   258  port.o(.text)
    vPortEndScheduler                        0x08006959   Thumb Code    34  port.o(.text)
    vPortEnterCritical                       0x0800697b   Thumb Code    70  port.o(.text)
    vPortExitCritical                        0x080069c1   Thumb Code    48  port.o(.text)
    xPortSysTickHandler                      0x080069f1   Thumb Code    48  port.o(.text)
    vPortValidateInterruptPriority           0x08006a21   Thumb Code    88  port.o(.text)
    vListInitialise                          0x08006ad5   Thumb Code    26  list.o(.text)
    vListInitialiseItem                      0x08006aef   Thumb Code     6  list.o(.text)
    vListInsertEnd                           0x08006af5   Thumb Code    24  list.o(.text)
    vListInsert                              0x08006b0d   Thumb Code    52  list.o(.text)
    uxListRemove                             0x08006b41   Thumb Code    40  list.o(.text)
    xQueueGenericReset                       0x08006b69   Thumb Code   136  queue.o(.text)
    xQueueGenericCreate                      0x08006c1f   Thumb Code    78  queue.o(.text)
    xQueueGenericSend                        0x08006e15   Thumb Code   460  queue.o(.text)
    xQueueCreateMutex                        0x08006ffd   Thumb Code    34  queue.o(.text)
    xQueueGiveMutexRecursive                 0x0800701f   Thumb Code    66  queue.o(.text)
    xQueueGenericReceive                     0x080070a5   Thumb Code   428  queue.o(.text)
    xQueueTakeMutexRecursive                 0x08007251   Thumb Code    76  queue.o(.text)
    xQueueCreateCountingSemaphore            0x0800729d   Thumb Code    80  queue.o(.text)
    xQueueGenericSendFromISR                 0x080072ed   Thumb Code   252  queue.o(.text)
    xQueueGiveFromISR                        0x080073e9   Thumb Code   228  queue.o(.text)
    xQueueReceiveFromISR                     0x080074cd   Thumb Code   190  queue.o(.text)
    xQueuePeekFromISR                        0x0800758b   Thumb Code   158  queue.o(.text)
    uxQueueMessagesWaiting                   0x08007629   Thumb Code    36  queue.o(.text)
    uxQueueSpacesAvailable                   0x0800764d   Thumb Code    42  queue.o(.text)
    uxQueueMessagesWaitingFromISR            0x08007677   Thumb Code    28  queue.o(.text)
    vQueueUnregisterQueue                    0x08007693   Thumb Code    44  queue.o(.text)
    vQueueDelete                             0x080076bf   Thumb Code    38  queue.o(.text)
    uxQueueGetQueueNumber                    0x080076e5   Thumb Code     6  queue.o(.text)
    vQueueSetQueueNumber                     0x080076eb   Thumb Code     4  queue.o(.text)
    ucQueueGetQueueType                      0x080076ef   Thumb Code     8  queue.o(.text)
    xQueueIsQueueEmptyFromISR                0x080076f7   Thumb Code    36  queue.o(.text)
    xQueueIsQueueFullFromISR                 0x0800771b   Thumb Code    40  queue.o(.text)
    vQueueAddToRegistry                      0x08007743   Thumb Code    38  queue.o(.text)
    pcQueueGetName                           0x08007769   Thumb Code    38  queue.o(.text)
    vQueueWaitForMessageRestricted           0x0800778f   Thumb Code    74  queue.o(.text)
    xQueueCreateSet                          0x080077d9   Thumb Code    20  queue.o(.text)
    xQueueAddToSet                           0x080077ed   Thumb Code    38  queue.o(.text)
    xQueueRemoveFromSet                      0x08007813   Thumb Code    48  queue.o(.text)
    xQueueSelectFromSet                      0x08007843   Thumb Code    26  queue.o(.text)
    xQueueSelectFromSetFromISR               0x0800785d   Thumb Code    22  queue.o(.text)
    xTaskCreate                              0x08007a05   Thumb Code    96  tasks.o(.text)
    vTaskDelete                              0x08007aa1   Thumb Code   192  tasks.o(.text)
    xTaskIncrementTick                       0x08007b61   Thumb Code   396  tasks.o(.text)
    xTaskResumeAll                           0x08007ced   Thumb Code   218  tasks.o(.text)
    vTaskSuspendAll                          0x08007e43   Thumb Code    12  tasks.o(.text)
    vTaskDelayUntil                          0x08007e4f   Thumb Code   182  tasks.o(.text)
    vTaskDelay                               0x08007f05   Thumb Code    76  tasks.o(.text)
    eTaskGetState                            0x08007f51   Thumb Code   106  tasks.o(.text)
    uxTaskPriorityGet                        0x08007fbb   Thumb Code    30  tasks.o(.text)
    uxTaskPriorityGetFromISR                 0x08007fd9   Thumb Code    62  tasks.o(.text)
    vTaskPrioritySet                         0x08008017   Thumb Code   320  tasks.o(.text)
    vTaskSwitchContext                       0x08008157   Thumb Code   114  tasks.o(.text)
    vTaskSuspend                             0x080081c9   Thumb Code   190  tasks.o(.text)
    vTaskResume                              0x080082d3   Thumb Code   122  tasks.o(.text)
    xTaskResumeFromISR                       0x0800834d   Thumb Code   152  tasks.o(.text)
    vTaskStartScheduler                      0x0800845b   Thumb Code   112  tasks.o(.text)
    vTaskEndScheduler                        0x080084cb   Thumb Code    32  tasks.o(.text)
    xTaskGetTickCount                        0x080084eb   Thumb Code     6  tasks.o(.text)
    xTaskGetTickCountFromISR                 0x080084f1   Thumb Code    16  tasks.o(.text)
    uxTaskGetNumberOfTasks                   0x08008501   Thumb Code     6  tasks.o(.text)
    pcTaskGetName                            0x08008507   Thumb Code   114  tasks.o(.text)
    vTaskGetInfo                             0x0800858f   Thumb Code   114  tasks.o(.text)
    uxTaskGetSystemState                     0x0800866b   Thumb Code   152  tasks.o(.text)
    vTaskPlaceOnEventList                    0x08008703   Thumb Code    46  tasks.o(.text)
    vTaskPlaceOnUnorderedEventList           0x08008731   Thumb Code    88  tasks.o(.text)
    vTaskPlaceOnEventListRestricted          0x08008789   Thumb Code    54  tasks.o(.text)
    xTaskRemoveFromEventList                 0x080087bf   Thumb Code   122  tasks.o(.text)
    xTaskRemoveFromUnorderedEventList        0x08008839   Thumb Code   142  tasks.o(.text)
    vTaskSetTimeOutState                     0x080088c7   Thumb Code    36  tasks.o(.text)
    xTaskCheckForTimeOut                     0x080088eb   Thumb Code   124  tasks.o(.text)
    vTaskMissedYield                         0x08008967   Thumb Code     8  tasks.o(.text)
    uxTaskGetTaskNumber                      0x0800896f   Thumb Code    66  tasks.o(.text)
    vTaskSetTaskNumber                       0x080089b1   Thumb Code     8  tasks.o(.text)
    xTaskGetCurrentTaskHandle                0x080089b9   Thumb Code     6  tasks.o(.text)
    xTaskGetSchedulerState                   0x080089bf   Thumb Code    24  tasks.o(.text)
    vTaskPriorityInherit                     0x080089d7   Thumb Code   164  tasks.o(.text)
    xTaskPriorityDisinherit                  0x08008a7b   Thumb Code   176  tasks.o(.text)
    vTaskList                                0x08008b55   Thumb Code   204  tasks.o(.text)
    uxTaskResetEventItemValue                0x08008c21   Thumb Code    24  tasks.o(.text)
    pvTaskIncrementMutexHeldCount            0x08008c39   Thumb Code    26  tasks.o(.text)
    ulTaskNotifyTake                         0x08008c53   Thumb Code   108  tasks.o(.text)
    xTaskNotifyWait                          0x08008cbf   Thumb Code   150  tasks.o(.text)
    xTaskGenericNotify                       0x08008d55   Thumb Code   276  tasks.o(.text)
    xTaskGenericNotifyFromISR                0x08008e69   Thumb Code   282  tasks.o(.text)
    vTaskNotifyGiveFromISR                   0x08008f83   Thumb Code   200  tasks.o(.text)
    xTaskNotifyStateClear                    0x0800904b   Thumb Code    48  tasks.o(.text)
    xTimerGenericCommand                     0x080090ed   Thumb Code   118  timers.o(.text)
    xTimerCreateTimerTask                    0x08009455   Thumb Code    56  timers.o(.text)
    xTimerCreate                             0x08009537   Thumb Code    48  timers.o(.text)
    xTimerGetTimerDaemonTaskHandle           0x08009567   Thumb Code    38  timers.o(.text)
    xTimerGetPeriod                          0x0800958d   Thumb Code    28  timers.o(.text)
    xTimerGetExpiryTime                      0x080095a9   Thumb Code    30  timers.o(.text)
    pcTimerGetName                           0x080095c7   Thumb Code    28  timers.o(.text)
    xTimerIsTimerActive                      0x080095e3   Thumb Code    50  timers.o(.text)
    pvTimerGetTimerID                        0x08009615   Thumb Code    38  timers.o(.text)
    vTimerSetTimerID                         0x0800963b   Thumb Code    38  timers.o(.text)
    xTimerPendFunctionCallFromISR            0x08009661   Thumb Code    48  timers.o(.text)
    xTimerPendFunctionCall                   0x08009691   Thumb Code    70  timers.o(.text)
    speex_bits_reset                         0x080096e1   Thumb Code    16  bits.o(.text)
    speex_bits_init                          0x080096f1   Thumb Code    44  bits.o(.text)
    speex_bits_init_buffer                   0x0800971d   Thumb Code    24  bits.o(.text)
    speex_bits_set_bit_buffer                0x08009735   Thumb Code    22  bits.o(.text)
    speex_bits_destroy                       0x0800974b   Thumb Code    24  bits.o(.text)
    speex_bits_rewind                        0x08009763   Thumb Code    10  bits.o(.text)
    speex_bits_read_from                     0x0800976d   Thumb Code   100  bits.o(.text)
    speex_bits_read_whole_bytes              0x08009815   Thumb Code   138  bits.o(.text)
    speex_bits_pack                          0x0800989f   Thumb Code   170  bits.o(.text)
    speex_bits_insert_terminator             0x08009949   Thumb Code    38  bits.o(.text)
    speex_bits_write                         0x0800996f   Thumb Code    82  bits.o(.text)
    speex_bits_write_whole_bytes             0x080099c1   Thumb Code    72  bits.o(.text)
    speex_bits_unpack_unsigned               0x08009a09   Thumb Code    90  bits.o(.text)
    speex_bits_unpack_signed                 0x08009a63   Thumb Code    36  bits.o(.text)
    speex_bits_peek_unsigned                 0x08009a87   Thumb Code    78  bits.o(.text)
    speex_bits_peek                          0x08009ad5   Thumb Code    50  bits.o(.text)
    speex_bits_advance                       0x08009b07   Thumb Code   370  bits.o(.text)
    speex_bits_remaining                     0x08009c79   Thumb Code    26  bits.o(.text)
    speex_bits_nbytes                        0x08009c93   Thumb Code    10  bits.o(.text)
    split_cb_search_shape_sign               0x0800a031   Thumb Code  1612  cb_search.o(.text)
    split_cb_shape_sign_unquant              0x0800a67d   Thumb Code   222  cb_search.o(.text)
    noise_codebook_quant                     0x0800a75b   Thumb Code    96  cb_search.o(.text)
    noise_codebook_unquant                   0x0800a7bb   Thumb Code    68  cb_search.o(.text)
    bw_lpc                                   0x0800a893   Thumb Code    48  filters.o(.text)
    sanitize_values32                        0x0800a8c3   Thumb Code    66  filters.o(.text)
    highpass                                 0x0800a905   Thumb Code   240  filters.o(.text)
    signal_mul                               0x0800a9f5   Thumb Code    52  filters.o(.text)
    signal_div                               0x0800aa29   Thumb Code   178  filters.o(.text)
    compute_rms                              0x0800aadb   Thumb Code   154  filters.o(.text)
    compute_rms16                            0x0800ab75   Thumb Code   308  filters.o(.text)
    normalize16                              0x0800aca9   Thumb Code    72  filters.o(.text)
    filter_mem16                             0x0800acf1   Thumb Code   200  filters.o(.text)
    iir_mem16                                0x0800adb9   Thumb Code   170  filters.o(.text)
    fir_mem16                                0x0800ae63   Thumb Code   164  filters.o(.text)
    syn_percep_zero16                        0x0800af07   Thumb Code   110  filters.o(.text)
    residue_percep_zero16                    0x0800af75   Thumb Code   110  filters.o(.text)
    compute_impulse_response                 0x0800afe3   Thumb Code   292  filters.o(.text)
    qmf_decomp                               0x0800b107   Thumb Code   458  filters.o(.text)
    qmf_synth                                0x0800b2d1   Thumb Code   802  filters.o(.text)
    multicomb                                0x0800b76f   Thumb Code   958  filters.o(.text)
    _spx_lpc                                 0x0800bb31   Thumb Code   202  lpc.o(.text)
    _spx_autocorr                            0x0800bbfb   Thumb Code   130  lpc.o(.text)
    lpc_to_lsp                               0x0800bd6d   Thumb Code   622  lsp.o(.text)
    lsp_to_lpc                               0x0800bfdb   Thumb Code   856  lsp.o(.text)
    lsp_interpolate                          0x0800c333   Thumb Code   242  lsp.o(.text)
    inner_prod                               0x0800c59f   Thumb Code    78  ltp.o(.text)
    open_loop_nbest_pitch                    0x0800c621   Thumb Code   830  ltp.o(.text)
    pitch_search_3tap                        0x0800ce67   Thumb Code   670  ltp.o(.text)
    pitch_unquant_3tap                       0x0800d105   Thumb Code   486  ltp.o(.text)
    forced_pitch_quant                       0x0800d2eb   Thumb Code   268  ltp.o(.text)
    forced_pitch_unquant                     0x0800d3f7   Thumb Code    94  ltp.o(.text)
    nb_encoder_init                          0x0800d595   Thumb Code   168  nb_celp.o(.text)
    nb_encoder_destroy                       0x0800d63d   Thumb Code    20  nb_celp.o(.text)
    nb_encoder_ctl                           0x0800d651   Thumb Code   684  nb_celp.o(.text)
    nb_encode                                0x0800d8fd   Thumb Code  4508  nb_celp.o(.text)
    nb_decoder_init                          0x0800ea99   Thumb Code   198  nb_celp.o(.text)
    nb_decoder_destroy                       0x0800eb5f   Thumb Code    20  nb_celp.o(.text)
    nb_decoder_ctl                           0x0800eb73   Thumb Code   510  nb_celp.o(.text)
    nb_decode                                0x0800ef27   Thumb Code  4184  nb_celp.o(.text)
    lsp_quant_nb                             0x0801011b   Thumb Code   332  quant_lsp.o(.text)
    lsp_unquant_nb                           0x08010267   Thumb Code   264  quant_lsp.o(.text)
    lsp_quant_lbr                            0x0801036f   Thumb Code   228  quant_lsp.o(.text)
    lsp_unquant_lbr                          0x08010453   Thumb Code   172  quant_lsp.o(.text)
    lsp_quant_high                           0x080104ff   Thumb Code   226  quant_lsp.o(.text)
    lsp_unquant_high                         0x080105e1   Thumb Code   124  quant_lsp.o(.text)
    speex_encoder_init                       0x08010665   Thumb Code    12  speex.o(.text)
    speex_decoder_init                       0x08010671   Thumb Code    12  speex.o(.text)
    speex_encoder_destroy                    0x0801067d   Thumb Code    14  speex.o(.text)
    speex_decoder_destroy                    0x0801068b   Thumb Code    14  speex.o(.text)
    speex_encode_native                      0x08010699   Thumb Code    22  speex.o(.text)
    speex_decode_native                      0x080106af   Thumb Code    22  speex.o(.text)
    speex_encode_int                         0x080106c5   Thumb Code    26  speex.o(.text)
    speex_decode_int                         0x080106df   Thumb Code    26  speex.o(.text)
    speex_encoder_ctl                        0x080106f9   Thumb Code    22  speex.o(.text)
    speex_decoder_ctl                        0x0801070f   Thumb Code    22  speex.o(.text)
    nb_mode_query                            0x08010725   Thumb Code    84  speex.o(.text)
    speex_lib_ctl                            0x08010779   Thumb Code    66  speex.o(.text)
    speex_inband_handler                     0x0801080d   Thumb Code   102  speex_callbacks.o(.text)
    speex_std_mode_request_handler           0x08010873   Thumb Code    32  speex_callbacks.o(.text)
    speex_std_low_mode_request_handler       0x08010893   Thumb Code    32  speex_callbacks.o(.text)
    speex_std_high_mode_request_handler      0x080108b3   Thumb Code    32  speex_callbacks.o(.text)
    speex_std_enh_request_handler            0x080108d3   Thumb Code    32  speex_callbacks.o(.text)
    speex_std_char_handler                   0x080108f3   Thumb Code    34  speex_callbacks.o(.text)
    speex_default_user_handler               0x08010915   Thumb Code    36  speex_callbacks.o(.text)
    scal_quant                               0x08010939   Thumb Code    28  vq.o(.text)
    scal_quant32                             0x08010955   Thumb Code    26  vq.o(.text)
    vq_nbest                                 0x0801096f   Thumb Code   150  vq.o(.text)
    vq_nbest_sign                            0x08010a05   Thumb Code   194  vq.o(.text)
    data_cal                                 0x08010b25   Thumb Code   114  lora.o(.text)
    LoraProcess                              0x08010b97   Thumb Code    66  lora.o(.text)
    LoraPolling                              0x08010bd9   Thumb Code    34  lora.o(.text)
    lora_Register                            0x08010bfb   Thumb Code    32  lora.o(.text)
    lora_Unregister                          0x08010c1b   Thumb Code    24  lora.o(.text)
    radio_StartRx                            0x08010c9d   Thumb Code    28  radio.o(.text)
    radio_Init                               0x08010cb9   Thumb Code   132  radio.o(.text)
    radio_Reset                              0x08010d3d   Thumb Code   116  radio.o(.text)
    radio_exit                               0x08010db1   Thumb Code     2  radio.o(.text)
    radio_PackgetGet                         0x08010db3   Thumb Code    60  radio.o(.text)
    radio_PackgetSend                        0x08010def   Thumb Code    60  radio.o(.text)
    radio_Process                            0x08010e2b   Thumb Code   164  radio.o(.text)
    EXTI9_5_IRQHandler                       0x08010ecf   Thumb Code    46  radio.o(.text)
    sx126x_SetSleep                          0x08010f11   Thumb Code    14  sx126x.o(.text)
    sx126x_SetStandby                        0x08010f1f   Thumb Code    14  sx126x.o(.text)
    sx126x_SetFs                             0x08010f2d   Thumb Code    14  sx126x.o(.text)
    sx126x_SetTx                             0x08010f3b   Thumb Code    34  sx126x.o(.text)
    sx126x_SetRx                             0x08010f5d   Thumb Code    34  sx126x.o(.text)
    sx126x_StopTimerOnPreamble               0x08010f7f   Thumb Code    14  sx126x.o(.text)
    sx126x_SetRxDutyCycle                    0x08010f8d   Thumb Code    54  sx126x.o(.text)
    sx126x_SetCAD                            0x08010fc3   Thumb Code    14  sx126x.o(.text)
    sx126x_SetTxContinuousWave               0x08010fd1   Thumb Code    14  sx126x.o(.text)
    sx126x_SetTxInfinitePreamble             0x08010fdf   Thumb Code    14  sx126x.o(.text)
    sx126x_SetRegulatorMode                  0x08010fed   Thumb Code    14  sx126x.o(.text)
    sx126x_Calibrate                         0x08010ffb   Thumb Code    14  sx126x.o(.text)
    sx126x_CalibrateImage                    0x08011009   Thumb Code   114  sx126x.o(.text)
    sx126x_SetPaConfig                       0x0801107b   Thumb Code    40  sx126x.o(.text)
    sx126x_SetRxTxFallbackMode               0x080110a3   Thumb Code    14  sx126x.o(.text)
    sx126x_SetDioIrqParams                   0x080110b1   Thumb Code    74  sx126x.o(.text)
    sx126x_GetIrqStatus                      0x080110fb   Thumb Code    30  sx126x.o(.text)
    sx126x_ClearIrq                          0x08011119   Thumb Code    28  sx126x.o(.text)
    sx126x_SetDIO2AsRfSwitchCtrl             0x08011135   Thumb Code    14  sx126x.o(.text)
    sx126x_SetDIO3AsTCXOCtrl                 0x08011143   Thumb Code    44  sx126x.o(.text)
    sx126x_SetRfFrequency                    0x0801116f   Thumb Code    84  sx126x.o(.text)
    sx126x_SetPacketType                     0x080111c3   Thumb Code    14  sx126x.o(.text)
    sx126x_GetPacketType                     0x080111d1   Thumb Code    18  sx126x.o(.text)
    sx126x_SetTxParams                       0x080111e3   Thumb Code    36  sx126x.o(.text)
    sx126x_SetModulationParams               0x08011207   Thumb Code    46  sx126x.o(.text)
    sx126x_SetPacketParams                   0x08011235   Thumb Code    62  sx126x.o(.text)
    sx126x_SetCadParams                      0x08011273   Thumb Code    62  sx126x.o(.text)
    sx126x_SetBufferBaseAddress              0x080112b1   Thumb Code    26  sx126x.o(.text)
    sx126x_SetLoRaSymbNumTimeout             0x080112cb   Thumb Code    14  sx126x.o(.text)
    sx126x_GetRxBufferStatus                 0x080112d9   Thumb Code    30  sx126x.o(.text)
    sx126x_GetPacketStatus                   0x080112f7   Thumb Code    86  sx126x.o(.text)
    sx126x_GetRssiInst                       0x0801134d   Thumb Code    26  sx126x.o(.text)
    sx126x_GetStatus                         0x08011367   Thumb Code    18  sx126x.o(.text)
    sx126x_ResetStats                        0x08011379   Thumb Code    20  sx126x.o(.text)
    sx126x_GetDeviceErrors                   0x0801138d   Thumb Code    30  sx126x.o(.text)
    sx126x_ClearDeviceErrors                 0x080113ab   Thumb Code    18  sx126x.o(.text)
    sx126x_HwInit                            0x08011579   Thumb Code     8  sx126x_hal.o(.text)
    wait                                     0x080115ad   Thumb Code    20  sx126x_hal.o(.text)
    sx126x_Reset                             0x080115e5   Thumb Code    60  sx126x_hal.o(.text)
    sx126x_WriteCmd                          0x08011621   Thumb Code    52  sx126x_hal.o(.text)
    sx126x_ReadCmd                           0x08011655   Thumb Code    60  sx126x_hal.o(.text)
    sx126x_WriteRegister                     0x08011691   Thumb Code    64  sx126x_hal.o(.text)
    sx126x_ReadRegister                      0x080116d1   Thumb Code    72  sx126x_hal.o(.text)
    sx126x_WriteRegisterByte                 0x08011719   Thumb Code    16  sx126x_hal.o(.text)
    sx126x_ReadRegisterByte                  0x08011729   Thumb Code    20  sx126x_hal.o(.text)
    sx126x_WriteBuffer                       0x0801173d   Thumb Code    58  sx126x_hal.o(.text)
    sx126x_ReadBuffer                        0x08011777   Thumb Code    66  sx126x_hal.o(.text)
    __aeabi_memcpy                           0x080117c5   Thumb Code    36  memcpya.o(.text)
    __aeabi_memcpy4                          0x080117c5   Thumb Code     0  memcpya.o(.text)
    __aeabi_memcpy8                          0x080117c5   Thumb Code     0  memcpya.o(.text)
    __aeabi_memset                           0x080117e9   Thumb Code    14  memseta.o(.text)
    __aeabi_memset4                          0x080117e9   Thumb Code     0  memseta.o(.text)
    __aeabi_memset8                          0x080117e9   Thumb Code     0  memseta.o(.text)
    __aeabi_memclr                           0x080117f7   Thumb Code     4  memseta.o(.text)
    __aeabi_memclr4                          0x080117f7   Thumb Code     0  memseta.o(.text)
    __aeabi_memclr8                          0x080117f7   Thumb Code     0  memseta.o(.text)
    _memset$wrapper                          0x080117fb   Thumb Code    18  memseta.o(.text)
    strlen                                   0x0801180d   Thumb Code    14  strlen.o(.text)
    strcpy                                   0x0801181b   Thumb Code    18  strcpy.o(.text)
    __aeabi_dadd                             0x0801182d   Thumb Code   322  dadd.o(.text)
    __aeabi_dsub                             0x0801196f   Thumb Code     6  dadd.o(.text)
    __aeabi_drsub                            0x08011975   Thumb Code     6  dadd.o(.text)
    __aeabi_ddiv                             0x0801197b   Thumb Code   222  ddiv.o(.text)
    __aeabi_i2d                              0x08011a59   Thumb Code    34  dflti.o(.text)
    __aeabi_ui2d                             0x08011a7b   Thumb Code    26  dfltui.o(.text)
    __aeabi_d2uiz                            0x08011a95   Thumb Code    50  dfixui.o(.text)
    __aeabi_cdcmpeq                          0x08011ac9   Thumb Code     0  cdcmple.o(.text)
    __aeabi_cdcmple                          0x08011ac9   Thumb Code    38  cdcmple.o(.text)
    __aeabi_uldivmod                         0x08011af1   Thumb Code    98  uldiv.o(.text)
    __aeabi_llsl                             0x08011b53   Thumb Code    30  llshl.o(.text)
    _ll_shift_l                              0x08011b53   Thumb Code     0  llshl.o(.text)
    __aeabi_llsr                             0x08011b71   Thumb Code    32  llushr.o(.text)
    _ll_ushift_r                             0x08011b71   Thumb Code     0  llushr.o(.text)
    __aeabi_lasr                             0x08011b91   Thumb Code    36  llsshr.o(.text)
    _ll_sshift_r                             0x08011b91   Thumb Code     0  llsshr.o(.text)
    __I$use$fp                               0x08011bb5   Thumb Code     0  iusefp.o(.text)
    _double_round                            0x08011bb5   Thumb Code    26  depilogue.o(.text)
    _double_epilogue                         0x08011bcf   Thumb Code   156  depilogue.o(.text)
    __scatterload                            0x08011c6d   Thumb Code    28  init.o(.text)
    __scatterload_rt2                        0x08011c6d   Thumb Code     0  init.o(.text)
    __decompress                             0x08011c91   Thumb Code     0  __dczerorl2.o(.text)
    __decompress1                            0x08011c91   Thumb Code    86  __dczerorl2.o(.text)
    __0printf$5                              0x08011ce9   Thumb Code    22  printf5.o(i.__0printf$5)
    __1printf$5                              0x08011ce9   Thumb Code     0  printf5.o(i.__0printf$5)
    __2printf                                0x08011ce9   Thumb Code     0  printf5.o(i.__0printf$5)
    __0sprintf$5                             0x08011d09   Thumb Code    34  printf5.o(i.__0sprintf$5)
    __1sprintf$5                             0x08011d09   Thumb Code     0  printf5.o(i.__0sprintf$5)
    __2sprintf                               0x08011d09   Thumb Code     0  printf5.o(i.__0sprintf$5)
    __scatterload_copy                       0x08011d31   Thumb Code    14  handlers.o(i.__scatterload_copy)
    __scatterload_null                       0x08011d3f   Thumb Code     2  handlers.o(i.__scatterload_null)
    __scatterload_zeroinit                   0x08011d41   Thumb Code    14  handlers.o(i.__scatterload_zeroinit)
    I2S_PSC_TBL                              0x08012016   Data         110  i2s.o(.constdata)
    memtblsize                               0x08012084   Data          12  malloc.o(.constdata)
    memblksize                               0x08012090   Data          12  malloc.o(.constdata)
    memsize                                  0x0801209c   Data          12  malloc.o(.constdata)
    exc_5_64_table                           0x080120a8   Data         320  exc_5_64_table.o(.constdata)
    exc_5_256_table                          0x080121e8   Data        1280  exc_5_256_table.o(.constdata)
    exc_8_128_table                          0x080126e8   Data        1024  exc_8_128_table.o(.constdata)
    exc_10_16_table                          0x08012ae8   Data         160  exc_10_16_table.o(.constdata)
    exc_10_32_table                          0x08012b88   Data         320  exc_10_32_table.o(.constdata)
    exc_20_32_table                          0x08012cc8   Data         640  exc_20_32_table.o(.constdata)
    shift_filt                               0x08012f48   Data          42  filters.o(.constdata)
    gain_cdbk_nb                             0x08012fb2   Data         512  gain_table.o(.constdata)
    gain_cdbk_lbr                            0x080131b2   Data         128  gain_table_lbr.o(.constdata)
    high_lsp_cdbk                            0x08013232   Data         512  high_lsp_tables.o(.constdata)
    high_lsp_cdbk2                           0x08013432   Data         512  high_lsp_tables.o(.constdata)
    cdbk_nb                                  0x08013632   Data         640  lsp_tables_nb.o(.constdata)
    cdbk_nb_low1                             0x080138b2   Data         320  lsp_tables_nb.o(.constdata)
    cdbk_nb_low2                             0x080139f2   Data         320  lsp_tables_nb.o(.constdata)
    cdbk_nb_high1                            0x08013b32   Data         320  lsp_tables_nb.o(.constdata)
    cdbk_nb_high2                            0x08013c72   Data         320  lsp_tables_nb.o(.constdata)
    speex_nb_mode                            0x080140a8   Data          52  modes.o(.constdata)
    attenuation                              0x08014180   Data          20  nb_celp.o(.constdata)
    lag_window                               0x080141b4   Data          22  window.o(.constdata)
    lpc_window                               0x080141ca   Data         400  window.o(.constdata)
    Region$$Table$$Base                      0x08014368   Number         0  anon$$obj.o(Region$$Table)
    Region$$Table$$Limit                     0x08014388   Number         0  anon$$obj.o(Region$$Table)
    mem3base                                 0x10000000   Data       61440  malloc.o(.ARM.__AT_0x10000000)
    mem3mapbase                              0x1000f000   Data        3840  malloc.o(.ARM.__AT_0x1000F000)
    StartTask_Handler                        0x20000000   Data           4  main.o(.data)
    i2srecbuf1                               0x20000004   Data           4  main.o(.data)
    i2srecbuf2                               0x20000008   Data           4  main.o(.data)
    i2splaybuf1                              0x2000000c   Data           4  main.o(.data)
    i2splaybuf2                              0x20000010   Data           4  main.o(.data)
    rec_sta                                  0x20000014   Data           1  main.o(.data)
    record_flag                              0x20000015   Data           1  main.o(.data)
    recNoDataTimes                           0x20000016   Data           1  main.o(.data)
    recNoDataTimesThreshold                  0x20000017   Data           1  main.o(.data)
    m_st                                     0x20000018   Data           4  main.o(.data)
    enc_state                                0x2000001c   Data           4  main.o(.data)
    dec_state                                0x20000020   Data           4  main.o(.data)
    quality                                  0x20000024   Data           4  main.o(.data)
    complexity                               0x20000028   Data           4  main.o(.data)
    vbr                                      0x2000002c   Data           4  main.o(.data)
    enh                                      0x20000030   Data           4  main.o(.data)
    play_flag                                0x20000034   Data           1  main.o(.data)
    playRunVoice                             0x20000035   Data           1  main.o(.data)
    baseAddrFlash                            0x20000038   Data           4  main.o(.data)
    voiceCount                               0x2000003c   Data           4  main.o(.data)
    sum                                      0x20000040   Data           8  main.o(.data)
    db                                       0x20000048   Data           4  main.o(.data)
    stay_times                               0x2000004c   Data           4  main.o(.data)
    threshold                                0x20000050   Data           2  main.o(.data)
    SystemCoreClock                          0x20000054   Data           4  system_stm32f4xx.o(.data)
    AHBPrescTable                            0x20000058   Data          16  system_stm32f4xx.o(.data)
    USART_RX_STA                             0x20000080   Data           2  usart.o(.data)
    i2s_tx_callback                          0x200000f8   Data           4  i2s.o(.data)
    i2s_rx_callback                          0x200000fc   Data           4  i2s.o(.data)
    TransferError                            0x2000010e   Data           1  sdio_sdcard.o(.data)
    TransferEnd                              0x2000010f   Data           1  sdio_sdcard.o(.data)
    tempbuff                                 0x20000110   Data           4  sdio_sdcard.o(.data)
    W25QXX_TYPE                              0x20000114   Data           2  w25qxx.o(.data)
    Time200ms                                0x20000116   Data           2  timer.o(.data)
    timecnt                                  0x20000118   Data           2  timer.o(.data)
    TimeCount                                0x2000011a   Data           1  timer.o(.data)
    mallco_dev                               0x2000011c   Data          36  malloc.o(.data)
    pxCurrentTCB                             0x20000164   Data           4  tasks.o(.data)
    lora_radio                               0x200001b4   Data           4  lora.o(.data)
    Handler_LoraProcess                      0x200001b8   Data           4  lora.o(.data)
    Handler_LoraPolling                      0x200001bc   Data           4  lora.o(.data)
    radio_irq_flag                           0x200001c4   Data           1  radio.o(.data)
    radio_modulation_params                  0x200001c5   Data           4  radio.o(.data)
    radio_packet_params_lora                 0x200001ca   Data           6  radio.o(.data)
    radio_timeout_lora                       0x200001d0   Data           8  radio.o(.data)
    radio_pa_optimal_setting                 0x200001d8   Data           4  radio.o(.data)
    radio                                    0x200001dc   Data          48  radio.o(.data)
    __stdout                                 0x2000020c   Data           4  stdout.o(.data)
    EnCodeBufA                               0x20000210   Data         640  main.o(.bss)
    EnCodeBufB                               0x20000490   Data         640  main.o(.bss)
    DeCodeBufA                               0x20000710   Data         640  main.o(.bss)
    DeCodeBufB                               0x20000990   Data         640  main.o(.bss)
    bitsEncode                               0x20000c10   Data          36  main.o(.bss)
    bitsDecode                               0x20000c34   Data          36  main.o(.bss)
    OutBytes                                 0x20000c58   Data          20  main.o(.bss)
    InBytes                                  0x20000c6c   Data          20  main.o(.bss)
    readBuf                                  0x20000c80   Data         320  main.o(.bss)
    USART_RX_BUF                             0x20000dc0   Data         200  usart.o(.bss)
    SDIO_InitStructure                       0x20000e88   Data          24  sdio_sdcard.o(.bss)
    SDIO_CmdInitStructure                    0x20000ea0   Data          20  sdio_sdcard.o(.bss)
    SDIO_DataInitStructure                   0x20000eb4   Data          24  sdio_sdcard.o(.bss)
    SDCardInfo                               0x20000ef0   Data          88  sdio_sdcard.o(.bss)
    SDIO_DATA_BUFFER                         0x20000f48   Data         512  sdio_sdcard.o(.bss)
    W25QXX_BUFFER                            0x20001148   Data        4096  w25qxx.o(.bss)
    mem1base                                 0x20002160   Data       102400  malloc.o(.bss)
    mem1mapbase                              0x2001b160   Data        6400  malloc.o(.bss)
    xQueueRegistry                           0x2001f260   Data          64  queue.o(.bss)
    radio_msg_rx                             0x2001f5ac   Data         258  radio.o(.bss)
    radio_msg_tx                             0x2001f6ae   Data         258  radio.o(.bss)
    radio_packet_status                      0x2001f7b0   Data          12  radio.o(.bss)
    __initial_sp                             0x2001fbc0   Data           0  startup_stm32f40_41xxx.o(STACK)
    mem2base                                 0x68000000   Data       983040  malloc.o(.ARM.__AT_0x68000000)
    mem2mapbase                              0x680f0000   Data       61440  malloc.o(.ARM.__AT_0x680F0000)



==============================================================================

Memory Map of the image

  Image Entry point : 0x08000189

  Load Region LR_IROM1 (Base: 0x08000000, Size: 0x00014598, Max: 0x00100000, ABSOLUTE, COMPRESSED[0x00014430])

    Execution Region ER_IROM1 (Base: 0x08000000, Size: 0x00014388, Max: 0x00100000, ABSOLUTE)

    Base Addr    Size         Type   Attr      Idx    E Section Name        Object

    0x08000000   0x00000188   Data   RO          520    RESET               startup_stm32f40_41xxx.o
    0x08000188   0x00000000   Code   RO         3070  * .ARM.Collect$$$$00000000  mc_w.l(entry.o)
    0x08000188   0x00000004   Code   RO         3376    .ARM.Collect$$$$00000001  mc_w.l(entry2.o)
    0x0800018c   0x00000004   Code   RO         3379    .ARM.Collect$$$$00000004  mc_w.l(entry5.o)
    0x08000190   0x00000000   Code   RO         3381    .ARM.Collect$$$$00000008  mc_w.l(entry7b.o)
    0x08000190   0x00000000   Code   RO         3383    .ARM.Collect$$$$0000000A  mc_w.l(entry8b.o)
    0x08000190   0x00000008   Code   RO         3384    .ARM.Collect$$$$0000000B  mc_w.l(entry9a.o)
    0x08000198   0x00000000   Code   RO         3386    .ARM.Collect$$$$0000000D  mc_w.l(entry10a.o)
    0x08000198   0x00000000   Code   RO         3388    .ARM.Collect$$$$0000000F  mc_w.l(entry11a.o)
    0x08000198   0x00000004   Code   RO         3377    .ARM.Collect$$$$00002712  mc_w.l(entry2.o)
    0x0800019c   0x00000010   Code   RO         1279    .emb_text           sys.o
    0x080001ac   0x000000b6   Code   RO         1920    .emb_text           port.o
    0x08000262   0x00000002   PAD
    0x08000264   0x000006bc   Code   RO            3    .text               main.o
    0x08000920   0x00000014   Code   RO          247    .text               stm32f4xx_it.o
    0x08000934   0x00000210   Code   RO          406    .text               system_stm32f4xx.o
    0x08000b44   0x00000024   Code   RO          521    .text               startup_stm32f40_41xxx.o
    0x08000b68   0x000000e0   Code   RO          527    .text               misc.o
    0x08000c48   0x000003a8   Code   RO          770    .text               stm32f4xx_dma.o
    0x08000ff0   0x00000110   Code   RO          790    .text               stm32f4xx_exti.o
    0x08001100   0x00000294   Code   RO          876    .text               stm32f4xx_gpio.o
    0x08001394   0x0000065c   Code   RO         1039    .text               stm32f4xx_rcc.o
    0x080019f0   0x000001dc   Code   RO         1124    .text               stm32f4xx_sdio.o
    0x08001bcc   0x00000480   Code   RO         1144    .text               stm32f4xx_spi.o
    0x0800204c   0x00000094   Code   RO         1164    .text               stm32f4xx_syscfg.o
    0x080020e0   0x00000ca2   Code   RO         1184    .text               stm32f4xx_tim.o
    0x08002d82   0x00000002   PAD
    0x08002d84   0x00000454   Code   RO         1204    .text               stm32f4xx_usart.o
    0x080031d8   0x0000010c   Code   RO         1244    .text               delay.o
    0x080032e4   0x00000150   Code   RO         1303    .text               usart.o
    0x08003434   0x0000006c   Code   RO         1334    .text               led.o
    0x080034a0   0x00000428   Code   RO         1357    .text               wm8978.o
    0x080038c8   0x00000258   Code   RO         1385    .text               myiic.o
    0x08003b20   0x00000354   Code   RO         1515    .text               i2s.o
    0x08003e74   0x000000fc   Code   RO         1543    .text               key.o
    0x08003f70   0x00001d6c   Code   RO         1674    .text               sdio_sdcard.o
    0x08005cdc   0x0000035c   Code   RO         1701    .text               w25qxx.o
    0x08006038   0x0000011c   Code   RO         1735    .text               spi.o
    0x08006154   0x00000104   Code   RO         1758    .text               timer.o
    0x08006258   0x000000c4   Code   RO         1787    .text               recorder.o
    0x0800631c   0x0000022c   Code   RO         1834    .text               malloc.o
    0x08006548   0x0000029c   Code   RO         1884    .text               heap_4.o
    0x080067e4   0x000002f0   Code   RO         1921    .text               port.o
    0x08006ad4   0x00000094   Code   RO         2013    .text               list.o
    0x08006b68   0x00000d10   Code   RO         2033    .text               queue.o
    0x08007878   0x00001824   Code   RO         2062    .text               tasks.o
    0x0800909c   0x00000644   Code   RO         2101    .text               timers.o
    0x080096e0   0x000005ce   Code   RO         2124    .text               bits.o
    0x08009cae   0x00000002   PAD
    0x08009cb0   0x00000b58   Code   RO         2150    .text               cb_search.o
    0x0800a808   0x00001328   Code   RO         2228    .text               filters.o
    0x0800bb30   0x0000014c   Code   RO         2345    .text               lpc.o
    0x0800bc7c   0x00000898   Code   RO         2360    .text               lsp.o
    0x0800c514   0x00000fd0   Code   RO         2387    .text               ltp.o
    0x0800d4e4   0x00002ad2   Code   RO         2448    .text               nb_celp.o
    0x0800ffb6   0x00000002   PAD
    0x0800ffb8   0x000006ac   Code   RO         2488    .text               quant_lsp.o
    0x08010664   0x000001a8   Code   RO         2565    .text               speex.o
    0x0801080c   0x0000012c   Code   RO         2588    .text               speex_callbacks.o
    0x08010938   0x0000018e   Code   RO         2678    .text               vq.o
    0x08010ac6   0x00000002   PAD
    0x08010ac8   0x000001d4   Code   RO         2813    .text               lora.o
    0x08010c9c   0x00000274   Code   RO         2876    .text               radio.o
    0x08010f10   0x000004c8   Code   RO         2898    .text               sx126x.o
    0x080113d8   0x000003ec   Code   RO         2912    .text               sx126x_hal.o
    0x080117c4   0x00000024   Code   RO         3073    .text               mc_w.l(memcpya.o)
    0x080117e8   0x00000024   Code   RO         3075    .text               mc_w.l(memseta.o)
    0x0801180c   0x0000000e   Code   RO         3077    .text               mc_w.l(strlen.o)
    0x0801181a   0x00000012   Code   RO         3079    .text               mc_w.l(strcpy.o)
    0x0801182c   0x0000014e   Code   RO         3344    .text               mf_w.l(dadd.o)
    0x0801197a   0x000000de   Code   RO         3346    .text               mf_w.l(ddiv.o)
    0x08011a58   0x00000022   Code   RO         3348    .text               mf_w.l(dflti.o)
    0x08011a7a   0x0000001a   Code   RO         3350    .text               mf_w.l(dfltui.o)
    0x08011a94   0x00000032   Code   RO         3354    .text               mf_w.l(dfixui.o)
    0x08011ac6   0x00000002   PAD
    0x08011ac8   0x00000028   Code   RO         3358    .text               mf_w.l(cdcmple.o)
    0x08011af0   0x00000062   Code   RO         3393    .text               mc_w.l(uldiv.o)
    0x08011b52   0x0000001e   Code   RO         3395    .text               mc_w.l(llshl.o)
    0x08011b70   0x00000020   Code   RO         3397    .text               mc_w.l(llushr.o)
    0x08011b90   0x00000024   Code   RO         3399    .text               mc_w.l(llsshr.o)
    0x08011bb4   0x00000000   Code   RO         3408    .text               mc_w.l(iusefp.o)
    0x08011bb4   0x000000b6   Code   RO         3411    .text               mf_w.l(depilogue.o)
    0x08011c6a   0x00000002   PAD
    0x08011c6c   0x00000024   Code   RO         3433    .text               mc_w.l(init.o)
    0x08011c90   0x00000056   Code   RO         3443    .text               mc_w.l(__dczerorl2.o)
    0x08011ce6   0x00000002   PAD
    0x08011ce8   0x00000020   Code   RO         3216    i.__0printf$5       mc_w.l(printf5.o)
    0x08011d08   0x00000028   Code   RO         3218    i.__0sprintf$5      mc_w.l(printf5.o)
    0x08011d30   0x0000000e   Code   RO         3437    i.__scatterload_copy  mc_w.l(handlers.o)
    0x08011d3e   0x00000002   Code   RO         3438    i.__scatterload_null  mc_w.l(handlers.o)
    0x08011d40   0x0000000e   Code   RO         3439    i.__scatterload_zeroinit  mc_w.l(handlers.o)
    0x08011d4e   0x00000002   PAD
    0x08011d50   0x000002bc   Code   RO         3223    i._printf_core      mc_w.l(printf5.o)
    0x0801200c   0x0000000a   Code   RO         3225    i._sputc            mc_w.l(printf5.o)
    0x08012016   0x0000006e   Data   RO         1516    .constdata          i2s.o
    0x08012084   0x00000024   Data   RO         1840    .constdata          malloc.o
    0x080120a8   0x00000140   Data   RO         2186    .constdata          exc_5_64_table.o
    0x080121e8   0x00000500   Data   RO         2193    .constdata          exc_5_256_table.o
    0x080126e8   0x00000400   Data   RO         2200    .constdata          exc_8_128_table.o
    0x08012ae8   0x000000a0   Data   RO         2207    .constdata          exc_10_16_table.o
    0x08012b88   0x00000140   Data   RO         2214    .constdata          exc_10_32_table.o
    0x08012cc8   0x00000280   Data   RO         2221    .constdata          exc_20_32_table.o
    0x08012f48   0x0000006a   Data   RO         2229    .constdata          filters.o
    0x08012fb2   0x00000200   Data   RO         2252    .constdata          gain_table.o
    0x080131b2   0x00000080   Data   RO         2259    .constdata          gain_table_lbr.o
    0x08013232   0x00000400   Data   RO         2280    .constdata          high_lsp_tables.o
    0x08013632   0x00000780   Data   RO         2378    .constdata          lsp_tables_nb.o
    0x08013db2   0x00000002   PAD
    0x08013db4   0x00000328   Data   RO         2406    .constdata          modes.o
    0x080140dc   0x000000d8   Data   RO         2449    .constdata          nb_celp.o
    0x080141b4   0x000001a6   Data   RO         2690    .constdata          window.o
    0x0801435a   0x00000002   PAD
    0x0801435c   0x0000000b   Data   RO         2407    .conststring        modes.o
    0x08014367   0x00000001   PAD
    0x08014368   0x00000020   Data   RO         3435    Region$$Table       anon$$obj.o


    Execution Region RW_IRAM1 (Base: 0x20000000, Size: 0x0001fbc0, Max: 0x00030000, ABSOLUTE, COMPRESSED[0x000000a8])

    Base Addr    Size         Type   Attr      Idx    E Section Name        Object

    0x20000000   0x00000052   Data   RW            5    .data               main.o
    0x20000052   0x00000002   PAD
    0x20000054   0x00000014   Data   RW          407    .data               system_stm32f4xx.o
    0x20000068   0x00000010   Data   RW         1040    .data               stm32f4xx_rcc.o
    0x20000078   0x00000008   Data   RW         1245    .data               delay.o
    0x20000080   0x00000002   Data   RW         1305    .data               usart.o
    0x20000082   0x00000074   Data   RW         1358    .data               wm8978.o
    0x200000f6   0x00000002   PAD
    0x200000f8   0x00000008   Data   RW         1517    .data               i2s.o
    0x20000100   0x00000001   Data   RW         1544    .data               key.o
    0x20000101   0x00000003   PAD
    0x20000104   0x00000010   Data   RW         1676    .data               sdio_sdcard.o
    0x20000114   0x00000002   Data   RW         1703    .data               w25qxx.o
    0x20000116   0x00000005   Data   RW         1759    .data               timer.o
    0x2000011b   0x00000001   PAD
    0x2000011c   0x00000024   Data   RW         1841    .data               malloc.o
    0x20000140   0x00000018   Data   RW         1886    .data               heap_4.o
    0x20000158   0x0000000c   Data   RW         1922    .data               port.o
    0x20000164   0x0000003c   Data   RW         2064    .data               tasks.o
    0x200001a0   0x00000014   Data   RW         2103    .data               timers.o
    0x200001b4   0x0000000d   Data   RW         2814    .data               lora.o
    0x200001c1   0x00000003   PAD
    0x200001c4   0x00000048   Data   RW         2878    .data               radio.o
    0x2000020c   0x00000004   Data   RW         3390    .data               mc_w.l(stdout.o)
    0x20000210   0x00000bb0   Zero   RW            4    .bss                main.o
    0x20000dc0   0x000000c8   Zero   RW         1304    .bss                usart.o
    0x20000e88   0x000002c0   Zero   RW         1675    .bss                sdio_sdcard.o
    0x20001148   0x00001000   Zero   RW         1702    .bss                w25qxx.o
    0x20002148   0x00000018   PAD
    0x20002160   0x0001a900   Zero   RW         1839    .bss                malloc.o
    0x2001ca60   0x00002800   Zero   RW         1885    .bss                heap_4.o
    0x2001f260   0x00000040   Zero   RW         2034    .bss                queue.o
    0x2001f2a0   0x000002e4   Zero   RW         2063    .bss                tasks.o
    0x2001f584   0x00000028   Zero   RW         2102    .bss                timers.o
    0x2001f5ac   0x00000210   Zero   RW         2877    .bss                radio.o
    0x2001f7bc   0x00000004   PAD
    0x2001f7c0   0x00000400   Zero   RW          518    STACK               startup_stm32f40_41xxx.o



  Load Region LR$$.ARM.__AT_0x10000000 (Base: 0x10000000, Size: 0x00000000, Max: 0x0000f000, ABSOLUTE)

    Execution Region ER$$.ARM.__AT_0x10000000 (Base: 0x10000000, Size: 0x0000f000, Max: 0x0000f000, ABSOLUTE, UNINIT)

    Base Addr    Size         Type   Attr      Idx    E Section Name        Object

    0x10000000   0x0000f000   Zero   RW         1835    .ARM.__AT_0x10000000  malloc.o



  Load Region LR$$.ARM.__AT_0x1000F000 (Base: 0x1000f000, Size: 0x00000000, Max: 0x00000f00, ABSOLUTE)

    Execution Region ER$$.ARM.__AT_0x1000F000 (Base: 0x1000f000, Size: 0x00000f00, Max: 0x00000f00, ABSOLUTE, UNINIT)

    Base Addr    Size         Type   Attr      Idx    E Section Name        Object

    0x1000f000   0x00000f00   Zero   RW         1836    .ARM.__AT_0x1000F000  malloc.o



  Load Region LR$$.ARM.__AT_0x68000000 (Base: 0x68000000, Size: 0x00000000, Max: 0x000f0000, ABSOLUTE)

    Execution Region ER$$.ARM.__AT_0x68000000 (Base: 0x68000000, Size: 0x000f0000, Max: 0x000f0000, ABSOLUTE, UNINIT)

    Base Addr    Size         Type   Attr      Idx    E Section Name        Object

    0x68000000   0x000f0000   Zero   RW         1837    .ARM.__AT_0x68000000  malloc.o



  Load Region LR$$.ARM.__AT_0x680F0000 (Base: 0x680f0000, Size: 0x00000000, Max: 0x0000f000, ABSOLUTE)

    Execution Region ER$$.ARM.__AT_0x680F0000 (Base: 0x680f0000, Size: 0x0000f000, Max: 0x0000f000, ABSOLUTE, UNINIT)

    Base Addr    Size         Type   Attr      Idx    E Section Name        Object

    0x680f0000   0x0000f000   Zero   RW         1838    .ARM.__AT_0x680F0000  malloc.o


==============================================================================

Image component sizes


      Code (inc. data)   RO Data    RW Data    ZI Data      Debug   Object Name

      1486        318          0          0          0       9064   bits.o
      2904         10          0          0          0      11141   cb_search.o
       268         14          0          8          0       7165   delay.o
         0          0          0          0          0      10400   event_groups.o
         0          0        160          0          0        510   exc_10_16_table.o
         0          0        320          0          0        510   exc_10_32_table.o
         0          0        640          0          0        510   exc_20_32_table.o
         0          0       1280          0          0        510   exc_5_256_table.o
         0          0        320          0          0        505   exc_5_64_table.o
         0          0       1024          0          0        510   exc_8_128_table.o
         0          0          0          0          0     233280   filterbank.o
      4904         22        106          0          0      15258   filters.o
         0          0        512          0          0        495   gain_table.o
         0          0        128          0          0        500   gain_table_lbr.o
       668         78          0         24      10240       4872   heap_4.o
         0          0       1024          0          0        559   high_lsp_tables.o
       852         62        110          8          0       3904   i2s.o
       252         26          0          1          0     256836   key.o
       108          8          0          0          0        591   led.o
       148          0          0          0          0       2018   list.o
       468        106          0         13          0      14550   lora.o
       332          0          0          0          0       1753   lpc.o
      2200          8          0          0          0       6256   lsp.o
         0          0       1920          0          0        704   lsp_tables_nb.o
      4048         10          0          0          0      11920   ltp.o
      1724        228          0         82       2992     249981   main.o
       556         18         36         36    1218560       4985   malloc.o
       224         20          0          0          0       1889   misc.o
         0          0        819          0          0       7247   modes.o
       600         12          0          0          0     259100   myiic.o
     10962        502        216          0          0      24821   nb_celp.o
       934        108          0         12          0       8411   port.o
      1708         32          0          0          0       5219   quant_lsp.o
      3344         56          0          0         64      18422   queue.o
       628         30          0         72        528       2692   radio.o
       196         24          0          0          0        989   recorder.o
      7532        286          0         16        704      25125   sdio_sdcard.o
       424         92          0          0          0       4082   speex.o
       300          0          0          0          0       3205   speex_callbacks.o
       284         10          0          0          0       1125   spi.o
        36          8        392          0       1024        868   startup_stm32f40_41xxx.o
       936         32          0          0          0       6361   stm32f4xx_dma.o
       272         10          0          0          0       2335   stm32f4xx_exti.o
       660         44          0          0          0       4165   stm32f4xx_gpio.o
        20          0          0          0          0      83667   stm32f4xx_it.o
      1628         52          0         16          0      12988   stm32f4xx_rcc.o
       476         16          0          0          0       7460   stm32f4xx_sdio.o
      1152         36          0          0          0       6913   stm32f4xx_spi.o
       148         12          0          0          0       1881   stm32f4xx_syscfg.o
      3234         60          0          0          0      22368   stm32f4xx_tim.o
      1108         34          0          0          0       7864   stm32f4xx_usart.o
      1224         28          0          0          0       7752   sx126x.o
      1004         12          0          0          0     253600   sx126x_hal.o
        16          0          0          0          0        512   sys.o
       528         46          0         20          0       1887   system_stm32f4xx.o
      6180        406          0         60        740      31560   tasks.o
       260         26          0          5          0       1418   timer.o
      1604        116          0         20         40       8556   timers.o
       336         16          0          2        200       3398   usart.o
       398          0          0          0          0       2701   vq.o
       860         22          0          2       4096       4501   w25qxx.o
         0          0        422          0          0        656   window.o
      1064         14          0        116          0       5601   wm8978.o

    ----------------------------------------------------------------------
     71208       3070       9466        524    1239216    1690626   Object Totals
         0          0         32          0          0          0   (incl. Generated)
        10          0          5         11         28          0   (incl. Padding)

    ----------------------------------------------------------------------

      Code (inc. data)   RO Data    RW Data    ZI Data      Debug   Library Member Name

        86          0          0          0          0          0   __dczerorl2.o
         0          0          0          0          0          0   entry.o
         0          0          0          0          0          0   entry10a.o
         0          0          0          0          0          0   entry11a.o
         8          4          0          0          0          0   entry2.o
         4          0          0          0          0          0   entry5.o
         0          0          0          0          0          0   entry7b.o
         0          0          0          0          0          0   entry8b.o
         8          4          0          0          0          0   entry9a.o
        30          0          0          0          0          0   handlers.o
        36          8          0          0          0         68   init.o
         0          0          0          0          0          0   iusefp.o
        30          0          0          0          0         68   llshl.o
        36          0          0          0          0         68   llsshr.o
        32          0          0          0          0         68   llushr.o
        36          0          0          0          0         68   memcpya.o
        36          0          0          0          0        108   memseta.o
       782         62          0          0          0        336   printf5.o
         0          0          0          4          0          0   stdout.o
        18          0          0          0          0         68   strcpy.o
        14          0          0          0          0         68   strlen.o
        98          0          0          0          0         92   uldiv.o
        40          2          0          0          0         68   cdcmple.o
       334          0          0          0          0        148   dadd.o
       222          0          0          0          0        100   ddiv.o
       182          0          0          0          0        176   depilogue.o
        50          0          0          0          0         76   dfixui.o
        34          0          0          0          0         76   dflti.o
        26          0          0          0          0         76   dfltui.o

    ----------------------------------------------------------------------
      2150         80          0          4          0       1732   Library Totals
         8          0          0          0          0          0   (incl. Padding)

    ----------------------------------------------------------------------

      Code (inc. data)   RO Data    RW Data    ZI Data      Debug   Library Name

      1254         78          0          4          0       1012   mc_w.l
       888          2          0          0          0        720   mf_w.l

    ----------------------------------------------------------------------
      2150         80          0          4          0       1732   Library Totals

    ----------------------------------------------------------------------

==============================================================================


      Code (inc. data)   RO Data    RW Data    ZI Data      Debug   

     73358       3150       9466        528    1239216    1681458   Grand Totals
     73358       3150       9466        168    1239216    1681458   ELF Image Totals (compressed)
     73358       3150       9466        168          0          0   ROM Totals

==============================================================================

    Total RO  Size (Code + RO Data)                82824 (  80.88kB)
    Total RW  Size (RW Data + ZI Data)           1239744 (1210.69kB)
    Total ROM Size (Code + RO Data + RW Data)      82992 (  81.05kB)

==============================================================================

